Archive member included to satisfy reference by file (symbol)

C:/devkitPro/libnds/lib\libmm9.a(mm_comms.o)
                              main.o (mmStart)
C:/devkitPro/libnds/lib\libmm9.a(mm_memory.o)
                              main.o (mmLoad)
C:/devkitPro/libnds/lib\libmm9.a(mm_main9.o)
                              C:/devkitPro/libnds/lib\libmm9.a(mm_memory.o) (mmcbMemory)
C:/devkitPro/libnds/lib\libmm9.a(mm_soundbank.o)
                              C:/devkitPro/libnds/lib\libmm9.a(mm_main9.o) (mmSoundBankInMemory)
C:/devkitPro/libnds/lib\libmm9.a(mm_flusher.o)
                              C:/devkitPro/libnds/lib\libmm9.a(mm_memory.o) (mmFlushBank)
C:/devkitPro/libnds/lib\libnds9.a(background.o)
                              level.o (bgState)
C:/devkitPro/libnds/lib\libnds9.a(touch.o)
                              mainmenu.o (touchRead)
C:/devkitPro/libnds/lib\libnds9.a(sprite_alloc.o)
                              level.o (oamAllocateGfx)
C:/devkitPro/libnds/lib\libnds9.a(gurumeditation.o)
                              main.o (defaultExceptionHandler)
C:/devkitPro/libnds/lib\libnds9.a(decompress.o)
                              level.o (decompress)
C:/devkitPro/libnds/lib\libnds9.a(trig.o)
                              gl2d.o (sinLerp)
C:/devkitPro/libnds/lib\libnds9.a(videoGL.o)
                              gl2d.o (glMaterialf)
C:/devkitPro/libnds/lib\libnds9.a(sprite.o)
                              graphics.o (oamInit)
C:/devkitPro/libnds/lib\libnds9.a(keys.o)
                              level.o (scanKeys)
C:/devkitPro/libnds/lib\libnds9.a(initSystem.o)
                              c:/devkitpro/devkitarm/bin/../lib/gcc/arm-none-eabi/11.1.0/../../../../arm-none-eabi/lib/ds_arm9_crt0.o (initSystem)
C:/devkitPro/libnds/lib\libnds9.a(timeSupport.o)
                              C:/devkitPro/libnds/lib\libnds9.a(initSystem.o) (__libnds_gtod)
C:/devkitPro/libnds/lib\libnds9.a(securearea.o)
                              c:/devkitpro/devkitarm/bin/../lib/gcc/arm-none-eabi/11.1.0/../../../../arm-none-eabi/lib/ds_arm9_crt0.o (__secure_area__)
C:/devkitPro/libnds/lib\libnds9.a(interrupts.o)
                              graphics.o (irqSet)
C:/devkitPro/libnds/lib\libnds9.a(syscalls.o)
                              C:/devkitPro/libnds/lib\libnds9.a(decompress.o) (swiDecompressLZSSVram)
C:/devkitPro/libnds/lib\libnds9.a(libnds_exit.arm.o)
                              c:/devkitpro/devkitarm/bin/../lib/gcc/arm-none-eabi/11.1.0/../../../../arm-none-eabi/lib/ds_arm9_crt0.o (__libnds_exit)
C:/devkitPro/libnds/lib\libnds9.a(fifosystem.o)
                              C:/devkitPro/libnds/lib\libmm9.a(mm_comms.o) (fifoSetValue32Handler)
C:/devkitPro/libnds/lib\libnds9.a(exceptionHandler.o)
                              C:/devkitPro/libnds/lib\libnds9.a(gurumeditation.o) (getCPSR)
C:/devkitPro/libnds/lib\libnds9.a(dcache.o)
                              C:/devkitPro/libnds/lib\libnds9.a(sprite.o) (DC_FlushRange)
C:/devkitPro/libnds/lib\libnds9.a(mpu_setup.o)
                              c:/devkitpro/devkitarm/bin/../lib/gcc/arm-none-eabi/11.1.0/../../../../arm-none-eabi/lib/ds_arm9_crt0.o (__libnds_mpu_setup)
C:/devkitPro/libnds/lib\libnds9.a(IntrWait.o)
                              main.o (swiWaitForVBlank)
C:/devkitPro/libnds/lib\libnds9.a(cpu_clock.o)
                              C:/devkitPro/libnds/lib\libnds9.a(initSystem.o) (setCpuClock)
C:/devkitPro/libnds/lib\libnds9.a(interruptDispatcher.o)
                              C:/devkitPro/libnds/lib\libnds9.a(interrupts.o) (IntrMain)
C:/devkitPro/libnds/lib\libnds9.a(swiSoftReset.o)
                              C:/devkitPro/libnds/lib\libnds9.a(fifosystem.o) (swiSoftReset)
C:/devkitPro/libnds/lib\libnds9.a(biosCalls.o)
                              C:/devkitPro/libnds/lib\libnds9.a(videoGL.o) (swiCopy)
C:/devkitPro/libnds/lib\libnds9.a(dynamicArray.o)
                              C:/devkitPro/libnds/lib\libnds9.a(videoGL.o) (DynamicArrayInit)
C:/devkitPro/libnds/lib\libnds9.a(video.o)
                              C:/devkitPro/libnds/lib\libnds9.a(videoGL.o) (vramSetBanks_EFG)
C:/devkitPro/libnds/lib\libnds9.a(system.o)
                              C:/devkitPro/libnds/lib\libnds9.a(initSystem.o) (systemValueHandler)
C:/devkitPro/libnds/lib\libnds9.a(exceptions.o)
                              C:/devkitPro/libnds/lib\libnds9.a(gurumeditation.o) (setExceptionHandler)
C:/devkitPro/libnds/lib\libnds9.a(console.o)
                              C:/devkitPro/libnds/lib\libnds9.a(gurumeditation.o) (consoleDemoInit)
C:/devkitPro/libnds/lib\libnds9.a(debugprint.o)
                              C:/devkitPro/libnds/lib\libnds9.a(console.o) (nocashWrite)
C:/devkitPro/libnds/lib\libnds9.a(default_font.bin.o)
                              C:/devkitPro/libnds/lib\libnds9.a(console.o) (default_font_bin)
c:/devkitpro/devkitarm/bin/../lib/gcc/arm-none-eabi/11.1.0/../../../../arm-none-eabi/lib\libstdc++.a(del_op.o)
[...]
Memory Configuration

Name             Origin             Length             Attributes
ewram            0x0000000002004000 0x000000000037c000
dtcm             0x000000000b000000 0x0000000000004000
vectors          0x0000000001000000 0x0000000000000100
itcm             0x0000000001000100 0x0000000000007f00
*default*        0x0000000000000000 0xffffffffffffffff

Linker script and memory map

                0x0000000002380000                __ewram_end = (ORIGIN (ewram) + LENGTH (ewram))
                0x0000000002380000                __eheap_end = (ORIGIN (ewram) + LENGTH (ewram))
                0x000000000b004000                __dtcm_top = (ORIGIN (dtcm) + LENGTH (dtcm))
                0x000000000b003ff8                __irq_flags = (__dtcm_top - 0x8)
                0x000000000b003ffc                __irq_vector = (__dtcm_top - 0x4)
                0x000000000b003f00                __sp_svc = (__dtcm_top - 0x100)
                0x000000000b003e00                __sp_irq = (__sp_svc - 0x100)
                0x000000000b003d00                __sp_usr = (__sp_irq - 0x100)

.secure         0x0000000002004000      0x800
 *(.secure)
 .secure        0x0000000002004000      0x800 C:/devkitPro/libnds/lib\libnds9.a(securearea.o)
                0x0000000002004000                __secure_area__

.crt0           0x0000000002004800      0x300
                0x0000000002004800                __text_start = .
 *(.crt0)
 .crt0          0x0000000002004800      0x300 c:/devkitpro/devkitarm/bin/../lib/gcc/arm-none-eabi/11.1.0/../../../../arm-none-eabi/lib/ds_arm9_crt0.o
                0x0000000002004800                _start
                0x0000000002004b00                . = ALIGN (0x4)

.plt
 *(.plt)

.init           0x0000000002004b00       0x18
 *(SORT_NONE(.init))
 .init          0x0000000002004b00        0xc c:/devkitpro/devkitarm/bin/../lib/gcc/arm-none-eabi/11.1.0/crti.o
                0x0000000002004b00                _init
 .init          0x0000000002004b0c        0xc c:/devkitpro/devkitarm/bin/../lib/gcc/arm-none-eabi/11.1.0/crtn.o

.text           0x0000000002004b18    0x202b8
 *(EXCLUDE_FILE(*.twl* *.vectors* *.itcm*) .text)
 .text          0x0000000002004b18      0x6d0 level.o
                0x0000000002004b18                levelGraphicLoad()
                0x0000000002004b80                isSolidTile(unsigned char)
                0x0000000002004bc8                loadLevel(unsigned char*)
                0x0000000002004d60                levelMode()
                0x00000000020050e0                levelGraphicDisplay()
 .text          0x00000000020051e8      0x280 logos.o
                0x00000000020051e8                logoGraphicLoad()
                0x00000000020052c4                logoGraphicUnload()
                0x00000000020052d4                logoScreen()
                0x00000000020053f0                renderLogo()
 .text          0x0000000002005468       0xfc main.o
                0x0000000002005468                InitSound()
                0x00000000020054e4                playPromiseMusic()
                0x00000000020054f0                playAltitMusic()
                0x00000000020054fc                sndShoot()
                0x0000000002005508                sndAmmoOut()
                0x0000000002005514                sndHurt()
                0x0000000002005520                stop()
                0x000000000200552c                doPause(int, int)
 .text          0x0000000002005564      0x4ac mainmenu.o
                0x0000000002005564                menuGraphicLoad()
                0x0000000002005640                menuGraphicUnload()
                0x0000000002005650                menuScreen()
                0x00000000020058c0                renderMenuTop()
 .text          0x0000000002005a10     0x16c4 player.o
                0x0000000002005a10                initPlayers(int)
                0x0000000002005aec                setPlayerPosition(int, int, int)
                0x0000000002005b0c                resetPlayerPosition(int)
                0x0000000002005b2c                playerGraphicLoad()
                0x0000000002005d08                bulletLoop()
                0x0000000002005e7c                playerLoop(int, int)
                0x0000000002006714                renderPlayer()
 .text          0x00000000020070d4      0x284 FontGraphic.o
                0x00000000020070d4                FontGraphic::load(glImage*, unsigned int, unsigned int const*, GL_TEXTURE_TYPE_ENUM, int, int, int, int, unsigned short const*, unsigned char const*)
                0x000000000200712c                FontGraphic::print(int, int, char const*)
                0x000000000200718c                FontGraphic::calcWidth(char const*)
                0x00000000020071d0                FontGraphic::print(int, int, int)
                0x0000000002007244                FontGraphic::getCenteredX(char const*)
                0x0000000002007290                FontGraphic::printCentered(int, char const*)
                0x0000000002007324                FontGraphic::printCentered(int, int)
 .text          0x0000000002007358      0x330 TextEntry.o
                0x0000000002007358                TextEntry::calcAlpha()
                0x0000000002007428                TextEntry::update()
                0x0000000002007620                TextEntry::TextEntry(bool, int, int, char const*)
                0x0000000002007620                TextEntry::TextEntry(bool, int, int, char const*)
 .text          0x0000000002007688      0x7e4 TextPane.o
                0x0000000002007688                TextPane::wrapTransition()
                0x0000000002007824                TextPane::createDefaultEntries()
                0x00000000020078d8                TextPane::slideTransition(bool, bool, int, int)
                0x0000000002007a1c                TextPane::scroll(bool)
                0x0000000002007d08                TextPane::update(bool)
                0x0000000002007df4                TextPane::TextPane(int, int, int)
                0x0000000002007df4                TextPane::TextPane(int, int, int)
                0x0000000002007e28                TextPane::addLine(char const*)
 .text          0x0000000002007e6c      0x680 fontHandler.o
                0x0000000002007e6c                fontInit()
                0x0000000002007f30                createTextPane(int, int, int)
                0x0000000002007ff0                getFont(bool)
                0x0000000002008010                updateText(bool)
                0x0000000002008190                clearText(bool)
                0x00000000020081f4                clearText()
                0x00000000020082a4                printSmall(bool, int, int, char const*)
                0x0000000002008314                printSmallCentered(bool, int, char const*)
                0x0000000002008394                printLarge(bool, int, int, char const*)
                0x0000000002008404                printLargeCentered(bool, int, char const*)
                0x0000000002008480                calcSmallFontWidth(char const*)
                0x0000000002008490                calcLargeFontWidth(char const*)
                0x00000000020084a0                getPreviousTextEntry(bool)
                0x00000000020084c0                waitForPanesToClear()
 .text          0x00000000020084ec      0x264 graphics.o
                0x0000000002008600                screenFadedIn()
                0x0000000002008618                screenFadedOut()
                0x0000000002008634                graphicsInit()
 .text          0x0000000002008750      0x214 tonccpy.o
                0x0000000002008750                tonccpy
                0x0000000002008874                __toncset
 .text          0x0000000002008964     0x20a0 gl2d.o
                0x0000000002008964                SetOrtho
                0x0000000002008b8c                glScreen2D
                0x000000000200923c                glBegin2D
                0x00000000020092d0                glEnd2D
                0x00000000020092f4                glPutPixel
                0x0000000002009380                glLine
                0x0000000002009474                glBox
                0x00000000020095a8                glBoxFilled
                0x00000000020096ac                glBoxFilledGradient
                0x00000000020097d4                glTriangle
                0x00000000020098a8                glTriangleFilled
                0x0000000002009964                glTriangleFilledGradient
                0x0000000002009a38                glSprite
                0x0000000002009bc8                glSpriteScale
                0x0000000002009d14                glSpriteScaleXY
                0x0000000002009e64                glSpriteRotate
                0x000000000200a060                glSpriteRotateScale
                0x000000000200a260                glSpriteRotateScaleXY
                0x000000000200a478                glSpriteStretchHorizontal
                0x000000000200a66c                glSpriteOnQuad
                0x000000000200a804                glLoadSpriteSet
                0x000000000200a8d8                glLoadTileSet
 .text          0x000000000200aa04      0x24c C:/devkitPro/libnds/lib\libmm9.a(mm_comms.o)
                0x000000000200aa04                mmSetupComms
                0x000000000200aa56                mmSendBank
                0x000000000200aa60                mmLockChannels
                0x000000000200aa66                mmUnlockChannels
                0x000000000200aa6c                mmStart
                0x000000000200aa76                mmPause
                0x000000000200aa7a                mmResume
                0x000000000200aa7e                mmStop
                0x000000000200aa82                mmPosition
                0x000000000200aa86                mmJingle
                0x000000000200aa8a                mmSetModuleVolume
                0x000000000200aa8e                mmSetJingleVolume
                0x000000000200aa92                mmSetModuleTempo
                0x000000000200aa96                mmSetModulePitch
                0x000000000200aa9a                mmSetEffectsVolume
                0x000000000200aa9e                mmSelectMode
                0x000000000200aaa2                mmStreamBegin
                0x000000000200aab6                mmStreamEnd
                0x000000000200ab0c                mmEffect
                0x000000000200ab30                mmEffectVolume
                0x000000000200ab34                mmEffectPanning
                0x000000000200ab38                mmEffectRate
                0x000000000200ab42                mmEffectScaleRate
                0x000000000200ab4c                mmEffectRelease
                0x000000000200ab52                mmEffectCancel
                0x000000000200ab58                mmEffectEx
                0x000000000200ab96                mmEffectCancelAll
                0x000000000200ab9a                mmReverbEnable
                0x000000000200ab9e                mmReverbDisable
                0x000000000200aba2                mmReverbConfigure
                0x000000000200abfe                mmReverbStart
                0x000000000200ac02                mmReverbStop
 .text          0x000000000200ac50      0x120 C:/devkitPro/libnds/lib\libmm9.a(mm_memory.o)
                0x000000000200ac50                mmLoad
                0x000000000200aca0                mmUnload
                0x000000000200acf8                mmLoadEffect
                0x000000000200ad30                mmUnloadEffect
 .text          0x000000000200ad70      0x108 C:/devkitPro/libnds/lib\libmm9.a(mm_main9.o)
                0x000000000200ad70                mmActive
                0x000000000200ad76                mmSetEventHandler
                0x000000000200ad7c                mmInit
                0x000000000200ada6                mmInitDefault
                0x000000000200adf0                mmInitDefaultMem
                0x000000000200ae12                mmSuspendIRQ_t
                0x000000000200ae30                mmRestoreIRQ_t
 .text          0x000000000200ae78      0x100 C:/devkitPro/libnds/lib\libmm9.a(mm_soundbank.o)
                0x000000000200ae78                mmSoundBankInMemory
                0x000000000200ae80                mmSoundBankInFiles
                0x000000000200ae92                mmSetCustomSoundBankHandler
                0x000000000200aebe                mmsHandleFileOp
 .text          0x000000000200af78       0x3c C:/devkitPro/libnds/lib\libmm9.a(mm_flusher.o)
                0x000000000200af78                mmFlushBank
 .text          0x000000000200afb4      0x148 c:/devkitpro/devkitarm/bin/../lib/gcc/arm-none-eabi/11.1.0\libgcc.a(_divsi3.o)
                0x000000000200afb4                __divsi3
                0x000000000200afb4                __aeabi_idiv
                0x000000000200b0dc                __aeabi_idivmod
 .text          0x000000000200b0fc        0x4 c:/devkitpro/devkitarm/bin/../lib/gcc/arm-none-eabi/11.1.0\libgcc.a(_dvmd_tls.o)
                0x000000000200b0fc                __aeabi_idiv0
                0x000000000200b0fc                __aeabi_ldiv0
 .text          0x000000000200b100      0x424 c:/devkitpro/devkitarm/bin/../lib/gcc/arm-none-eabi/11.1.0\libgcc.a(_arm_addsubdf3.o)
                0x000000000200b100                __aeabi_drsub
                0x000000000200b108                __aeabi_dsub
                0x000000000200b108                __subdf3
                0x000000000200b10c                __aeabi_dadd
                0x000000000200b10c                __adddf3
                0x000000000200b41c                __floatunsidf
                0x000000000200b41c                __aeabi_ui2d
                0x000000000200b440                __floatsidf
                0x000000000200b440                __aeabi_i2d
                0x000000000200b468                __aeabi_f2d
                0x000000000200b468                __extendsfdf2
                0x000000000200b4b0                __floatundidf
                0x000000000200b4b0                __aeabi_ul2d
                0x000000000200b4c4                __floatdidf
                0x000000000200b4c4                __aeabi_l2d
 .text          0x000000000200b524       0x5c c:/devkitpro/devkitarm/bin/../lib/gcc/arm-none-eabi/11.1.0\libgcc.a(_arm_fixdfsi.o)
                0x000000000200b524                __aeabi_d2iz
                0x000000000200b524                __fixdfsi
 .text          0x000000000200b580      0x2ac c:/devkitpro/devkitarm/bin/../lib/gcc/arm-none-eabi/11.1.0\libgcc.a(_arm_addsubsf3.o)
                0x000000000200b580                __aeabi_frsub
                0x000000000200b588                __subsf3
                0x000000000200b588                __aeabi_fsub
                0x000000000200b58c                __aeabi_fadd
                0x000000000200b58c                __addsf3
                0x000000000200b748                __aeabi_ui2f
                0x000000000200b748                __floatunsisf
                0x000000000200b750                __aeabi_i2f
                0x000000000200b750                __floatsisf
                0x000000000200b770                __aeabi_ul2f
                0x000000000200b770                __floatundisf
                0x000000000200b780                __aeabi_l2f
                0x000000000200b780                __floatdisf
 .text          0x000000000200b82c      0x114 c:/devkitpro/devkitarm/bin/../lib/gcc/arm-none-eabi/11.1.0\libgcc.a(_arm_cmpsf2.o)
                0x000000000200b82c                __gesf2
                0x000000000200b82c                __gtsf2
                0x000000000200b834                __lesf2
                0x000000000200b834                __ltsf2
                0x000000000200b83c                __nesf2
                0x000000000200b83c                __eqsf2
                0x000000000200b83c                __cmpsf2
                0x000000000200b8a0                __aeabi_cfrcmple
                0x000000000200b8b0                __aeabi_cfcmpeq
                0x000000000200b8b0                __aeabi_cfcmple
                0x000000000200b8c8                __aeabi_fcmpeq
                0x000000000200b8e0                __aeabi_fcmplt
                0x000000000200b8f8                __aeabi_fcmple
                0x000000000200b910                __aeabi_fcmpge
                0x000000000200b928                __aeabi_fcmpgt
 .text          0x000000000200b940       0x5c c:/devkitpro/devkitarm/bin/../lib/gcc/arm-none-eabi/11.1.0\libgcc.a(_arm_fixsfsi.o)
                0x000000000200b940                __aeabi_f2iz
                0x000000000200b940                __fixsfsi
 .text          0x000000000200b99c      0x1b0 c:/devkitpro/devkitarm/bin/../lib/gcc/arm-none-eabi/11.1.0\libgcc.a(libunwind.o)
                0x000000000200b99c                __restore_core_regs
                0x000000000200b99c                restore_core_regs
                0x000000000200b9b8                __gnu_Unwind_Restore_VFP
                0x000000000200b9c0                __gnu_Unwind_Save_VFP
                0x000000000200b9c8                __gnu_Unwind_Restore_VFP_D
                0x000000000200b9d0                __gnu_Unwind_Save_VFP_D
                0x000000000200b9d8                __gnu_Unwind_Restore_VFP_D_16_to_31
                0x000000000200b9e0                __gnu_Unwind_Save_VFP_D_16_to_31
                0x000000000200b9e8                __gnu_Unwind_Restore_WMMXD
                0x000000000200ba2c                __gnu_Unwind_Save_WMMXD
                0x000000000200ba70                __gnu_Unwind_Restore_WMMXC
                0x000000000200ba84                __gnu_Unwind_Save_WMMXC
                0x000000000200ba98                ___Unwind_RaiseException
                0x000000000200ba98                _Unwind_RaiseException
                0x000000000200babc                _Unwind_Resume
                0x000000000200babc                ___Unwind_Resume
                0x000000000200bae0                _Unwind_Resume_or_Rethrow
                0x000000000200bae0                ___Unwind_Resume_or_Rethrow
                0x000000000200bb04                _Unwind_ForcedUnwind
                0x000000000200bb04                ___Unwind_ForcedUnwind
                0x000000000200bb28                ___Unwind_Backtrace
                0x000000000200bb28                _Unwind_Backtrace
 .text          0x000000000200bb4c      0x224 c:/devkitpro/devkitarm/bin/../lib/gcc/arm-none-eabi/11.1.0/../../../../arm-none-eabi/lib\libg.a(lib_a-strcmp.o)
                0x000000000200bb4c                strcmp
 .text          0x000000000200bd70      0x114 c:/devkitpro/devkitarm/bin/../lib/gcc/arm-none-eabi/11.1.0\libgcc.a(_udivsi3.o)
                0x000000000200bd70                __aeabi_uidiv
                0x000000000200bd70                __udivsi3
                0x000000000200be64                __aeabi_uidivmod
 .text          0x000000000200be84      0x49c c:/devkitpro/devkitarm/bin/../lib/gcc/arm-none-eabi/11.1.0\libgcc.a(_arm_muldivdf3.o)
                0x000000000200be84                __aeabi_dmul
                0x000000000200be84                __muldf3
                0x000000000200c114                __divdf3
                0x000000000200c114                __aeabi_ddiv
 .text          0x000000000200c320      0x144 c:/devkitpro/devkitarm/bin/../lib/gcc/arm-none-eabi/11.1.0\libgcc.a(_arm_cmpdf2.o)
                0x000000000200c320                __gtdf2
                0x000000000200c320                __gedf2
                0x000000000200c328                __ltdf2
                0x000000000200c328                __ledf2
                0x000000000200c330                __nedf2
                0x000000000200c330                __eqdf2
                0x000000000200c330                __cmpdf2
                0x000000000200c3b8                __aeabi_cdrcmple
                0x000000000200c3d4                __aeabi_cdcmpeq
                0x000000000200c3d4                __aeabi_cdcmple
                0x000000000200c3ec                __aeabi_dcmpeq
                0x000000000200c404                __aeabi_dcmplt
                0x000000000200c41c                __aeabi_dcmple
                0x000000000200c434                __aeabi_dcmpge
                0x000000000200c44c                __aeabi_dcmpgt
 .text          0x000000000200c464       0x38 c:/devkitpro/devkitarm/bin/../lib/gcc/arm-none-eabi/11.1.0\libgcc.a(_arm_unorddf2.o)
                0x000000000200c464                __unorddf2
                0x000000000200c464                __aeabi_dcmpun
 .text          0x000000000200c49c       0x3c c:/devkitpro/devkitarm/bin/../lib/gcc/arm-none-eabi/11.1.0\libgcc.a(_aeabi_uldivmod.o)
                0x000000000200c49c                __aeabi_uldivmod
 .text          0x000000000200c4d8       0x28 c:/devkitpro/devkitarm/bin/../lib/gcc/arm-none-eabi/11.1.0\libgcc.a(_clzdi2.o)
                0x000000000200c4d8                __clzdi2
 .text          0x000000000200c500       0x48 c:/devkitpro/devkitarm/bin/../lib/gcc/arm-none-eabi/11.1.0\libgcc.a(_clzsi2.o)
                0x000000000200c500                __clzsi2
 *(EXCLUDE_FILE(*.twl* *.vectors* *.itcm*) .stub)
 *(EXCLUDE_FILE(*.twl* *.vectors* *.itcm*) .text.*)
 .text.__do_global_dtors_aux
                0x000000000200c548       0x40 c:/devkitpro/devkitarm/bin/../lib/gcc/arm-none-eabi/11.1.0/crtbegin.o
 .text.frame_dummy
                0x000000000200c588       0x30 c:/devkitpro/devkitarm/bin/../lib/gcc/arm-none-eabi/11.1.0/crtbegin.o
 .text.startup  0x000000000200c5b8      0x104 main.o
                0x000000000200c5b8                main
 .text._ZNSt6vectorIPKcSaIS1_EE17_M_realloc_insertIJRS1_EEEvN9__gnu_cxx17__normal_iteratorIPS1_S3_EEDpOT_
                0x000000000200c6bc      0x110 TextPane.o
                0x000000000200c6bc                void std::vector<char const*, std::allocator<char const*> >::_M_realloc_insert<char const*&>(__gnu_cxx::__normal_iterator<char const**, std::vector<char const*, std::allocator<char const*> > >, char const*&)
 .text._ZNSt7__cxx1110_List_baseI9TextEntrySaIS1_EE8_M_clearEv
                0x000000000200c7cc       0x2c fontHandler.o
                0x000000000200c7cc                std::__cxx11::_List_base<TextEntry, std::allocator<TextEntry> >::_M_clear()
 .text.startup  0x000000000200c7f8       0x48 fontHandler.o
 .text.exit     0x000000000200c840       0x80 fontHandler.o
 .text.checkIfText
                0x000000000200c8c0       0x5c C:/devkitPro/libnds/lib\libnds9.a(background.o)
                0x000000000200c8c0                checkIfText
 .text.bgUpdate
                0x000000000200c91c       0xf4 C:/devkitPro/libnds/lib\libnds9.a(background.o)
                0x000000000200c91c                bgUpdate
 .text.bgInit_call
                0x000000000200ca10       0xc4 C:/devkitPro/libnds/lib\libnds9.a(background.o)
                0x000000000200ca10                bgInit_call
 .text.bgInitSub_call
                0x000000000200cad4       0xcc C:/devkitPro/libnds/lib\libnds9.a(background.o)
                0x000000000200cad4                bgInitSub_call
 .text.touchRead
                0x000000000200cba0       0x24 C:/devkitPro/libnds/lib\libnds9.a(touch.o)
                0x000000000200cba0                touchRead
 .text.oamAllocReset
                0x000000000200cbc4       0x1c C:/devkitPro/libnds/lib\libnds9.a(sprite_alloc.o)
                0x000000000200cbc4                oamAllocReset
 .text.oamAllocateGfx
                0x000000000200cbe0      0x510 C:/devkitPro/libnds/lib\libnds9.a(sprite_alloc.o)
                0x000000000200cbe0                oamAllocateGfx
 .text.ARMShift
                0x000000000200d0f0       0x70 C:/devkitPro/libnds/lib\libnds9.a(gurumeditation.o)
                0x000000000200d0f0                ARMShift
 .text.getExceptionAddress
                0x000000000200d160      0x1bc C:/devkitPro/libnds/lib\libnds9.a(gurumeditation.o)
                0x000000000200d160                getExceptionAddress
 .text.guruMeditationDump
                0x000000000200d31c      0x130 C:/devkitPro/libnds/lib\libnds9.a(gurumeditation.o)
                0x000000000200d31c                guruMeditationDump
 .text.defaultHandler
                0x000000000200d44c        0x8 C:/devkitPro/libnds/lib\libnds9.a(gurumeditation.o)
 .text.defaultExceptionHandler
                0x000000000200d454       0x10 C:/devkitPro/libnds/lib\libnds9.a(gurumeditation.o)
                0x000000000200d454                defaultExceptionHandler
 .text.getHeader
                0x000000000200d464        0x4 C:/devkitPro/libnds/lib\libnds9.a(decompress.o)
 .text.readByte
                0x000000000200d468        0x4 C:/devkitPro/libnds/lib\libnds9.a(decompress.o)
 .text.decompress
                0x000000000200d46c       0x40 C:/devkitPro/libnds/lib\libnds9.a(decompress.o)
                0x000000000200d46c                decompress
 .text.sinLutLookup
                0x000000000200d4ac       0x38 C:/devkitPro/libnds/lib\libnds9.a(trig.o)
                0x000000000200d4ac                sinLutLookup
 .text.sinLerp  0x000000000200d4e4       0x40 C:/devkitPro/libnds/lib\libnds9.a(trig.o)
                0x000000000200d4e4                sinLerp
 .text.cosLerp  0x000000000200d524       0x4c C:/devkitPro/libnds/lib\libnds9.a(trig.o)
                0x000000000200d524                cosLerp
 .text.tanLerp  0x000000000200d570       0xa4 C:/devkitPro/libnds/lib\libnds9.a(trig.o)
                0x000000000200d570                tanLerp
 .text.vramBlock__deallocateBlock.part.0
                0x000000000200d614      0x184 C:/devkitPro/libnds/lib\libnds9.a(videoGL.o)
 .text.glMaterialf
                0x000000000200d798       0x7c C:/devkitPro/libnds/lib\libnds9.a(videoGL.o)
                0x000000000200d798                glMaterialf
 .text.vramBlock_init
                0x000000000200d814       0x5c C:/devkitPro/libnds/lib\libnds9.a(videoGL.o)
                0x000000000200d814                vramBlock_init
 .text.vramBlock__allocateBlock
                0x000000000200d870      0x178 C:/devkitPro/libnds/lib\libnds9.a(videoGL.o)
                0x000000000200d870                vramBlock__allocateBlock
 .text.vramBlock_examineSpecial
                0x000000000200d9e8      0x244 C:/devkitPro/libnds/lib\libnds9.a(videoGL.o)
                0x000000000200d9e8                vramBlock_examineSpecial
 .text.vramBlock_allocateSpecial
                0x000000000200dc2c       0x6c C:/devkitPro/libnds/lib\libnds9.a(videoGL.o)
                0x000000000200dc2c                vramBlock_allocateSpecial
 .text.vramBlock_allocateBlock
                0x000000000200dc98       0x30 C:/devkitPro/libnds/lib\libnds9.a(videoGL.o)
                0x000000000200dc98                vramBlock_allocateBlock
 .text.vramBlock_deallocateBlock
                0x000000000200dcc8       0x48 C:/devkitPro/libnds/lib\libnds9.a(videoGL.o)
                0x000000000200dcc8                vramBlock_deallocateBlock
 .text.removePaletteFromTexture.part.0
                0x000000000200dd10       0x68 C:/devkitPro/libnds/lib\libnds9.a(videoGL.o)
 .text.glInit_C
                0x000000000200dd78      0x1cc C:/devkitPro/libnds/lib\libnds9.a(videoGL.o)
                0x000000000200dd78                glInit_C
 .text.glResetTextures
                0x000000000200df44       0xd0 C:/devkitPro/libnds/lib\libnds9.a(videoGL.o)
                0x000000000200df44                glResetTextures
 .text.glGenTextures
                0x000000000200e014       0x80 C:/devkitPro/libnds/lib\libnds9.a(videoGL.o)
                0x000000000200e014                glGenTextures
 .text.glDeleteTextures
                0x000000000200e094       0xe4 C:/devkitPro/libnds/lib\libnds9.a(videoGL.o)
                0x000000000200e094                glDeleteTextures
 .text.vramGetBank
                0x000000000200e178       0xb8 C:/devkitPro/libnds/lib\libnds9.a(videoGL.o)
                0x000000000200e178                vramGetBank
 .text.glBindTexture
                0x000000000200e230       0x60 C:/devkitPro/libnds/lib\libnds9.a(videoGL.o)
                0x000000000200e230                glBindTexture
 .text.glColorTableEXT
                0x000000000200e290      0x1d8 C:/devkitPro/libnds/lib\libnds9.a(videoGL.o)
                0x000000000200e290                glColorTableEXT
 .text.glTexImage2D
                0x000000000200e468      0x414 C:/devkitPro/libnds/lib\libnds9.a(videoGL.o)
                0x000000000200e468                glTexImage2D
 .text.oamInit  0x000000000200e87c      0x118 C:/devkitPro/libnds/lib\libnds9.a(sprite.o)
                0x000000000200e87c                oamInit
 .text.oamGetGfxPtr
                0x000000000200e994       0x38 C:/devkitPro/libnds/lib\libnds9.a(sprite.o)
                0x000000000200e994                oamGetGfxPtr
 .text.oamClear
                0x000000000200e9cc       0x24 C:/devkitPro/libnds/lib\libnds9.a(sprite.o)
                0x000000000200e9cc                oamClear
 .text.oamGfxPtrToOffset
                0x000000000200e9f0       0x34 C:/devkitPro/libnds/lib\libnds9.a(sprite.o)
                0x000000000200e9f0                oamGfxPtrToOffset
 .text.oamSet   0x000000000200ea24      0x11c C:/devkitPro/libnds/lib\libnds9.a(sprite.o)
                0x000000000200ea24                oamSet
 .text.oamUpdate
                0x000000000200eb40       0x60 C:/devkitPro/libnds/lib\libnds9.a(sprite.o)
                0x000000000200eb40                oamUpdate
 .text.scanKeys
                0x000000000200eba0       0x8c C:/devkitPro/libnds/lib\libnds9.a(keys.o)
                0x000000000200eba0                scanKeys
 .text.keysHeld
                0x000000000200ec2c        0xc C:/devkitPro/libnds/lib\libnds9.a(keys.o)
                0x000000000200ec2c                keysHeld
 .text.keysDown
                0x000000000200ec38       0x14 C:/devkitPro/libnds/lib\libnds9.a(keys.o)
                0x000000000200ec38                keysDown
 .text.initSystem
                0x000000000200ec4c      0x198 C:/devkitPro/libnds/lib\libnds9.a(initSystem.o)
                0x000000000200ec4c                initSystem
 .text.__libnds_gtod
                0x000000000200ede4       0x28 C:/devkitPro/libnds/lib\libnds9.a(timeSupport.o)
                0x000000000200ede4                __libnds_gtod
 .text.irqDummy
                0x000000000200ee0c        0x4 C:/devkitPro/libnds/lib\libnds9.a(interrupts.o)
                0x000000000200ee0c                irqDummy
 .text.irqSet   0x000000000200ee10       0x6c C:/devkitPro/libnds/lib\libnds9.a(interrupts.o)
                0x000000000200ee10                irqSet
 .text.irqInit  0x000000000200ee7c       0x50 C:/devkitPro/libnds/lib\libnds9.a(interrupts.o)
                0x000000000200ee7c                irqInit
 .text.irqEnable
                0x000000000200eecc       0x64 C:/devkitPro/libnds/lib\libnds9.a(interrupts.o)
                0x000000000200eecc                irqEnable
 .text.swiDecompressLZSSVram
                0x000000000200ef30       0x1c C:/devkitPro/libnds/lib\libnds9.a(syscalls.o)
                0x000000000200ef30                swiDecompressLZSSVram
 .text.systemErrorExit
                0x000000000200ef4c        0x4 C:/devkitPro/libnds/lib\libnds9.a(libnds_exit.arm.o)
                0x000000000200ef4c                systemErrorExit
 .text.__libnds_exit
                0x000000000200ef50       0x5c C:/devkitPro/libnds/lib\libnds9.a(libnds_exit.arm.o)
                0x000000000200ef50                __libnds_exit
 .text.fifo_queueBlock
                0x000000000200efac       0x44 C:/devkitPro/libnds/lib\libnds9.a(fifosystem.o)
 .text.fifo_waitBlock
                0x000000000200eff0       0x80 C:/devkitPro/libnds/lib\libnds9.a(fifosystem.o)
 .text.fifoInternalSend.part.0
                0x000000000200f070       0xd4 C:/devkitPro/libnds/lib\libnds9.a(fifosystem.o)
 .text.fifoInternalSendInterrupt
                0x000000000200f144       0xa8 C:/devkitPro/libnds/lib\libnds9.a(fifosystem.o)
 .text.fifoSetValue32Handler
                0x000000000200f1ec       0xd8 C:/devkitPro/libnds/lib\libnds9.a(fifosystem.o)
                0x000000000200f1ec                fifoSetValue32Handler
 .text.fifoSendValue32
                0x000000000200f2c4       0x4c C:/devkitPro/libnds/lib\libnds9.a(fifosystem.o)
                0x000000000200f2c4                fifoSendValue32
 .text.fifoSendDatamsg
                0x000000000200f310       0x90 C:/devkitPro/libnds/lib\libnds9.a(fifosystem.o)
                0x000000000200f310                fifoSendDatamsg
 .text.fifoGetDatamsg
                0x000000000200f3a0       0xf4 C:/devkitPro/libnds/lib\libnds9.a(fifosystem.o)
                0x000000000200f3a0                fifoGetDatamsg
 .text.fifoInternalRecvInterrupt
                0x000000000200f494      0x380 C:/devkitPro/libnds/lib\libnds9.a(fifosystem.o)
 .text.fifoSetDatamsgHandler
                0x000000000200f814       0x9c C:/devkitPro/libnds/lib\libnds9.a(fifosystem.o)
                0x000000000200f814                fifoSetDatamsgHandler
 .text.fifoInit
                0x000000000200f8b0       0xf8 C:/devkitPro/libnds/lib\libnds9.a(fifosystem.o)
                0x000000000200f8b0                fifoInit
 .text.getCPSR  0x000000000200f9a8        0x8 C:/devkitPro/libnds/lib\libnds9.a(exceptionHandler.o)
                0x000000000200f9a8                getCPSR
 .text.enterException
                0x000000000200f9b0       0xd4 C:/devkitPro/libnds/lib\libnds9.a(exceptionHandler.o)
                0x000000000200f9b0                enterException
                0x000000000200fa24                exceptionC
                0x000000000200fa28                exceptionStack
                0x000000000200fa2c                exceptionRegisters
 .text.DC_FlushRange
                0x000000000200fa84       0x24 C:/devkitPro/libnds/lib\libnds9.a(dcache.o)
                0x000000000200fa84                DC_FlushRange
 .text.__libnds_mpu_setup
                0x000000000200faa8      0x174 C:/devkitPro/libnds/lib\libnds9.a(mpu_setup.o)
                0x000000000200faa8                __libnds_mpu_setup
 .text.memUncached
                0x000000000200fc1c       0x20 C:/devkitPro/libnds/lib\libnds9.a(mpu_setup.o)
                0x000000000200fc1c                memUncached
 .text.swiWaitForVBlank
                0x000000000200fc3c        0x8 C:/devkitPro/libnds/lib\libnds9.a(IntrWait.o)
                0x000000000200fc3c                swiWaitForVBlank
 .text.swiIntrWait
                0x000000000200fc44       0x70 C:/devkitPro/libnds/lib\libnds9.a(IntrWait.o)
                0x000000000200fc44                swiIntrWait
 .text.setCpuClock
                0x000000000200fcb4       0x50 C:/devkitPro/libnds/lib\libnds9.a(cpu_clock.o)
                0x000000000200fcb4                setCpuClock
 .text.swiSoftReset
                0x000000000200fd04       0x2c C:/devkitPro/libnds/lib\libnds9.a(swiSoftReset.o)
                0x000000000200fd04                swiSoftReset
 .text.swiDelay
                0x000000000200fd30        0x4 C:/devkitPro/libnds/lib\libnds9.a(biosCalls.o)
                0x000000000200fd30                swiDelay
 .text.swiCopy  0x000000000200fd34        0x4 C:/devkitPro/libnds/lib\libnds9.a(biosCalls.o)
                0x000000000200fd34                swiCopy
 .text.swiDecompressLZSSWram
                0x000000000200fd38        0x4 C:/devkitPro/libnds/lib\libnds9.a(biosCalls.o)
                0x000000000200fd38                swiDecompressLZSSWram
 .text.swiDecompressLZSSVramNTR
                0x000000000200fd3c        0x4 C:/devkitPro/libnds/lib\libnds9.a(biosCalls.o)
                0x000000000200fd3c                swiDecompressLZSSVramNTR
 .text.swiDecompressLZSSVramTWL
                0x000000000200fd40        0x4 C:/devkitPro/libnds/lib\libnds9.a(biosCalls.o)
                0x000000000200fd40                swiDecompressLZSSVramTWL
 .text.swiDecompressHuffman
                0x000000000200fd44        0x4 C:/devkitPro/libnds/lib\libnds9.a(biosCalls.o)
                0x000000000200fd44                swiDecompressHuffman
 .text.swiDecompressRLEWram
                0x000000000200fd48        0x4 C:/devkitPro/libnds/lib\libnds9.a(biosCalls.o)
                0x000000000200fd48                swiDecompressRLEWram
 .text.swiDecompressRLEVram
                0x000000000200fd4c        0x4 C:/devkitPro/libnds/lib\libnds9.a(biosCalls.o)
                0x000000000200fd4c                swiDecompressRLEVram
 .text.DynamicArrayInit
                0x000000000200fd50       0x18 C:/devkitPro/libnds/lib\libnds9.a(dynamicArray.o)
                0x000000000200fd50                DynamicArrayInit
 .text.DynamicArrayDelete
                0x000000000200fd68       0x14 C:/devkitPro/libnds/lib\libnds9.a(dynamicArray.o)
                0x000000000200fd68                DynamicArrayDelete
 .text.DynamicArrayGet
                0x000000000200fd7c       0x18 C:/devkitPro/libnds/lib\libnds9.a(dynamicArray.o)
                0x000000000200fd7c                DynamicArrayGet
 .text.DynamicArraySet
                0x000000000200fd94       0x48 C:/devkitPro/libnds/lib\libnds9.a(dynamicArray.o)
                0x000000000200fd94                DynamicArraySet
 .text.vramRestorePrimaryBanks
                0x000000000200fddc        0xc C:/devkitPro/libnds/lib\libnds9.a(video.o)
                0x000000000200fddc                vramRestorePrimaryBanks
 .text.vramRestoreBanks_EFG
                0x000000000200fde8        0xc C:/devkitPro/libnds/lib\libnds9.a(video.o)
                0x000000000200fde8                vramRestoreBanks_EFG
 .text.vramDefault
                0x000000000200fdf4       0xd0 C:/devkitPro/libnds/lib\libnds9.a(video.o)
                0x000000000200fdf4                vramDefault
 .text.systemValueHandler
                0x000000000200fec4       0x48 C:/devkitPro/libnds/lib\libnds9.a(system.o)
                0x000000000200fec4                systemValueHandler
 .text.systemMsgHandler
                0x000000000200ff0c       0x60 C:/devkitPro/libnds/lib\libnds9.a(system.o)
                0x000000000200ff0c                systemMsgHandler
 .text.powerOn  0x000000000200ff6c       0x2c C:/devkitPro/libnds/lib\libnds9.a(system.o)
                0x000000000200ff6c                powerOn
 .text.setExceptionHandler
                0x000000000200ff98       0x18 C:/devkitPro/libnds/lib\libnds9.a(exceptions.o)
                0x000000000200ff98                setExceptionHandler
 .text.newRow   0x000000000200ffb0       0xb0 C:/devkitPro/libnds/lib\libnds9.a(console.o)
 .text.consolePrintChar
                0x0000000002010060       0xec C:/devkitPro/libnds/lib\libnds9.a(console.o)
                0x0000000002010060                consolePrintChar
 .text.con_write
                0x000000000201014c      0x374 C:/devkitPro/libnds/lib\libnds9.a(console.o)
                0x000000000201014c                con_write
 .text.consoleLoadFont
                0x00000000020104c0      0x2a8 C:/devkitPro/libnds/lib\libnds9.a(console.o)
                0x00000000020104c0                consoleLoadFont
 .text.consoleInit
                0x0000000002010768      0x194 C:/devkitPro/libnds/lib\libnds9.a(console.o)
                0x0000000002010768                consoleInit
 .text.consoleDemoInit
                0x00000000020108fc       0x40 C:/devkitPro/libnds/lib\libnds9.a(console.o)
                0x00000000020108fc                consoleDemoInit
 .text._ZdlPv   0x000000000201093c       0x10 c:/devkitpro/devkitarm/bin/../lib/gcc/arm-none-eabi/11.1.0/../../../../arm-none-eabi/lib\libstdc++.a(del_op.o)
                0x000000000201093c                operator delete(void*)
 .text._Znwj    0x000000000201094c       0x68 c:/devkitpro/devkitarm/bin/../lib/gcc/arm-none-eabi/11.1.0/../../../../arm-none-eabi/lib\libstdc++.a(new_op.o)
                0x000000000201094c                operator new(unsigned int)
 .text._ZNSt8__detail15_List_node_base7_M_hookEPS0_
                0x00000000020109b4       0x18 c:/devkitpro/devkitarm/bin/../lib/gcc/arm-none-eabi/11.1.0/../../../../arm-none-eabi/lib\libstdc++.a(list.o)
                0x00000000020109b4                std::__detail::_List_node_base::_M_hook(std::__detail::_List_node_base*)
 .text._ZNSt8__detail15_List_node_base9_M_unhookEv
                0x00000000020109cc       0x14 c:/devkitpro/devkitarm/bin/../lib/gcc/arm-none-eabi/11.1.0/../../../../arm-none-eabi/lib\libstdc++.a(list.o)
                0x00000000020109cc                std::__detail::_List_node_base::_M_unhook()
 .text.unlikely._ZSt17__throw_bad_allocv
                0x00000000020109e0       0x2c c:/devkitpro/devkitarm/bin/../lib/gcc/arm-none-eabi/11.1.0/../../../../arm-none-eabi/lib\libstdc++.a(functexcept.o)
                0x00000000020109e0                std::__throw_bad_alloc()
 .text.unlikely._ZSt19__throw_logic_errorPKc
                0x0000000002010a0c       0x40 c:/devkitpro/devkitarm/bin/../lib/gcc/arm-none-eabi/11.1.0/../../../../arm-none-eabi/lib\libstdc++.a(functexcept.o)
                0x0000000002010a0c                std::__throw_logic_error(char const*)
 .text.unlikely._ZSt20__throw_length_errorPKc
                0x0000000002010a4c       0x40 c:/devkitpro/devkitarm/bin/../lib/gcc/arm-none-eabi/11.1.0/../../../../arm-none-eabi/lib\libstdc++.a(functexcept.o)
                0x0000000002010a4c                std::__throw_length_error(char const*)
 .text._ZNKSt9bad_alloc4whatEv
                0x0000000002010a8c        0xc c:/devkitpro/devkitarm/bin/../lib/gcc/arm-none-eabi/11.1.0/../../../../arm-none-eabi/lib\libstdc++.a(bad_alloc.o)
                0x0000000002010a8c                std::bad_alloc::what() const
 .text._ZNSt9bad_allocD2Ev
                0x0000000002010a98       0x24 c:/devkitpro/devkitarm/bin/../lib/gcc/arm-none-eabi/11.1.0/../../../../arm-none-eabi/lib\libstdc++.a(bad_alloc.o)
                0x0000000002010a98                std::bad_alloc::~bad_alloc()
                0x0000000002010a98                std::bad_alloc::~bad_alloc()
 .text._ZNSt9bad_allocD0Ev
                0x0000000002010abc       0x30 c:/devkitpro/devkitarm/bin/../lib/gcc/arm-none-eabi/11.1.0/../../../../arm-none-eabi/lib\libstdc++.a(bad_alloc.o)
                0x0000000002010abc                std::bad_alloc::~bad_alloc()
 .text._ZdlPvj  0x0000000002010aec       0x10 c:/devkitpro/devkitarm/bin/../lib/gcc/arm-none-eabi/11.1.0/../../../../arm-none-eabi/lib\libstdc++.a(del_ops.o)
                0x0000000002010aec                operator delete(void*, unsigned int)
 .text._ZN12_GLOBAL__N_14pool4freeEPv.constprop.0
                0x0000000002010afc       0xdc c:/devkitpro/devkitarm/bin/../lib/gcc/arm-none-eabi/11.1.0/../../../../arm-none-eabi/lib\libstdc++.a(eh_alloc.o)
 .text._ZN12_GLOBAL__N_14pool8allocateEj.constprop.0
                0x0000000002010bd8       0x9c c:/devkitpro/devkitarm/bin/../lib/gcc/arm-none-eabi/11.1.0/../../../../arm-none-eabi/lib\libstdc++.a(eh_alloc.o)
 .text.__cxa_allocate_exception
                0x0000000002010c74       0x48 c:/devkitpro/devkitarm/bin/../lib/gcc/arm-none-eabi/11.1.0/../../../../arm-none-eabi/lib\libstdc++.a(eh_alloc.o)
                0x0000000002010c74                __cxa_allocate_exception
 .text.__cxa_free_exception
                0x0000000002010cbc       0x38 c:/devkitpro/devkitarm/bin/../lib/gcc/arm-none-eabi/11.1.0/../../../../arm-none-eabi/lib\libstdc++.a(eh_alloc.o)
                0x0000000002010cbc                __cxa_free_exception
 .text.startup._GLOBAL__sub_I__ZN9__gnu_cxx9__freeresEv
                0x0000000002010cf4       0x44 c:/devkitpro/devkitarm/bin/../lib/gcc/arm-none-eabi/11.1.0/../../../../arm-none-eabi/lib\libstdc++.a(eh_alloc.o)
 .text.__cxa_end_cleanup
                0x0000000002010d38       0x10 c:/devkitpro/devkitarm/bin/../lib/gcc/arm-none-eabi/11.1.0/../../../../arm-none-eabi/lib\libstdc++.a(eh_arm.o)
                0x0000000002010d38                __cxa_end_cleanup
 .text.__cxa_type_match
                0x0000000002010d48      0x140 c:/devkitpro/devkitarm/bin/../lib/gcc/arm-none-eabi/11.1.0/../../../../arm-none-eabi/lib\libstdc++.a(eh_arm.o)
                0x0000000002010d48                __cxa_type_match
 .text.__cxa_begin_cleanup
                0x0000000002010e88       0xbc c:/devkitpro/devkitarm/bin/../lib/gcc/arm-none-eabi/11.1.0/../../../../arm-none-eabi/lib\libstdc++.a(eh_arm.o)
                0x0000000002010e88                __cxa_begin_cleanup
 .text.__gnu_end_cleanup
                0x0000000002010f44       0xbc c:/devkitpro/devkitarm/bin/../lib/gcc/arm-none-eabi/11.1.0/../../../../arm-none-eabi/lib\libstdc++.a(eh_arm.o)
                0x0000000002010f44                __gnu_end_cleanup
 .text._ZNSt9exceptionD2Ev
                0x0000000002011000        0x4 c:/devkitpro/devkitarm/bin/../lib/gcc/arm-none-eabi/11.1.0/../../../../arm-none-eabi/lib\libstdc++.a(eh_exception.o)
                0x0000000002011000                std::exception::~exception()
                0x0000000002011000                std::exception::~exception()
 .text._ZNSt13bad_exceptionD2Ev
                0x0000000002011004        0x4 c:/devkitpro/devkitarm/bin/../lib/gcc/arm-none-eabi/11.1.0/../../../../arm-none-eabi/lib\libstdc++.a(eh_exception.o)
                0x0000000002011004                std::bad_exception::~bad_exception()
                0x0000000002011004                std::bad_exception::~bad_exception()
 .text._ZNKSt13bad_exception4whatEv
                0x0000000002011008        0xc c:/devkitpro/devkitarm/bin/../lib/gcc/arm-none-eabi/11.1.0/../../../../arm-none-eabi/lib\libstdc++.a(eh_exception.o)
                0x0000000002011008                std::bad_exception::what() const
                0x0000000002011008                transaction clone for std::bad_exception::what() const
 .text._ZNSt13bad_exceptionD0Ev
                0x0000000002011014       0x1c c:/devkitpro/devkitarm/bin/../lib/gcc/arm-none-eabi/11.1.0/../../../../arm-none-eabi/lib\libstdc++.a(eh_exception.o)
                0x0000000002011014                std::bad_exception::~bad_exception()
 .text.__cxa_get_globals_fast
                0x0000000002011030        0xc c:/devkitpro/devkitarm/bin/../lib/gcc/arm-none-eabi/11.1.0/../../../../arm-none-eabi/lib\libstdc++.a(eh_globals.o)
                0x0000000002011030                __cxa_get_globals_fast
 .text.__cxa_get_globals
                0x000000000201103c        0xc c:/devkitpro/devkitarm/bin/../lib/gcc/arm-none-eabi/11.1.0/../../../../arm-none-eabi/lib\libstdc++.a(eh_globals.o)
                0x000000000201103c                __cxa_get_globals
 .text._ZL28read_encoded_value_with_basehjPKhPj
                0x0000000002011048      0x174 c:/devkitpro/devkitarm/bin/../lib/gcc/arm-none-eabi/11.1.0/../../../../arm-none-eabi/lib\libstdc++.a(eh_personality.o)
 .text._ZL21base_of_encoded_valuehP15_Unwind_Context
                0x00000000020111bc       0x80 c:/devkitpro/devkitarm/bin/../lib/gcc/arm-none-eabi/11.1.0/../../../../arm-none-eabi/lib\libstdc++.a(eh_personality.o)
 .text._ZL17parse_lsda_headerP15_Unwind_ContextPKhP16lsda_header_info
                0x000000000201123c       0xd8 c:/devkitpro/devkitarm/bin/../lib/gcc/arm-none-eabi/11.1.0/../../../../arm-none-eabi/lib\libstdc++.a(eh_personality.o)
 .text.__gxx_personality_v0
                0x0000000002011314      0x6fc c:/devkitpro/devkitarm/bin/../lib/gcc/arm-none-eabi/11.1.0/../../../../arm-none-eabi/lib\libstdc++.a(eh_personality.o)
                0x0000000002011314                __gxx_personality_v0
 .text._ZN10__cxxabiv111__terminateEPFvvE
                0x0000000002011a10       0x18 c:/devkitpro/devkitarm/bin/../lib/gcc/arm-none-eabi/11.1.0/../../../../arm-none-eabi/lib\libstdc++.a(eh_terminate.o)
                0x0000000002011a10                __cxxabiv1::__terminate(void (*)())
 .text._ZSt9terminatev
                0x0000000002011a28       0x14 c:/devkitpro/devkitarm/bin/../lib/gcc/arm-none-eabi/11.1.0/../../../../arm-none-eabi/lib\libstdc++.a(eh_terminate.o)
                0x0000000002011a28                std::terminate()
 .text._ZN10__cxxabiv112__unexpectedEPFvvE
                0x0000000002011a3c       0x10 c:/devkitpro/devkitarm/bin/../lib/gcc/arm-none-eabi/11.1.0/../../../../arm-none-eabi/lib\libstdc++.a(eh_terminate.o)
                0x0000000002011a3c                __cxxabiv1::__unexpected(void (*)())
 .text._ZSt10unexpectedv
                0x0000000002011a4c       0x14 c:/devkitpro/devkitarm/bin/../lib/gcc/arm-none-eabi/11.1.0/../../../../arm-none-eabi/lib\libstdc++.a(eh_terminate.o)
                0x0000000002011a4c                std::unexpected()
 .text._ZSt13get_terminatev
                0x0000000002011a60       0x10 c:/devkitpro/devkitarm/bin/../lib/gcc/arm-none-eabi/11.1.0/../../../../arm-none-eabi/lib\libstdc++.a(eh_terminate.o)
                0x0000000002011a60                std::get_terminate()
 .text._ZSt14get_unexpectedv
                0x0000000002011a70       0x10 c:/devkitpro/devkitarm/bin/../lib/gcc/arm-none-eabi/11.1.0/../../../../arm-none-eabi/lib\libstdc++.a(eh_terminate.o)
                0x0000000002011a70                std::get_unexpected()
 .text._ZL23__gxx_exception_cleanup19_Unwind_Reason_CodeP21_Unwind_Control_Block
                0x0000000002011a80       0x58 c:/devkitpro/devkitarm/bin/../lib/gcc/arm-none-eabi/11.1.0/../../../../arm-none-eabi/lib\libstdc++.a(eh_throw.o)
 .text.__cxa_init_primary_exception
                0x0000000002011ad8       0x74 c:/devkitpro/devkitarm/bin/../lib/gcc/arm-none-eabi/11.1.0/../../../../arm-none-eabi/lib\libstdc++.a(eh_throw.o)
                0x0000000002011ad8                __cxa_init_primary_exception
 .text.__cxa_throw
                0x0000000002011b4c       0x54 c:/devkitpro/devkitarm/bin/../lib/gcc/arm-none-eabi/11.1.0/../../../../arm-none-eabi/lib\libstdc++.a(eh_throw.o)
                0x0000000002011b4c                __cxa_throw
 .text.__cxa_rethrow
                0x0000000002011ba0       0xb0 c:/devkitpro/devkitarm/bin/../lib/gcc/arm-none-eabi/11.1.0/../../../../arm-none-eabi/lib\libstdc++.a(eh_throw.o)
                0x0000000002011ba0                __cxa_rethrow
 .text._ZSt15get_new_handlerv
                0x0000000002011c50       0x10 c:/devkitpro/devkitarm/bin/../lib/gcc/arm-none-eabi/11.1.0/../../../../arm-none-eabi/lib\libstdc++.a(new_handler.o)
                0x0000000002011c50                std::get_new_handler()
 .text._ZN10__cxxabiv120__si_class_type_infoD2Ev
                0x0000000002011c60       0x24 c:/devkitpro/devkitarm/bin/../lib/gcc/arm-none-eabi/11.1.0/../../../../arm-none-eabi/lib\libstdc++.a(si_class_type_info.o)
                0x0000000002011c60                __cxxabiv1::__si_class_type_info::~__si_class_type_info()
                0x0000000002011c60                __cxxabiv1::__si_class_type_info::~__si_class_type_info()
 .text._ZN10__cxxabiv120__si_class_type_infoD0Ev
                0x0000000002011c84       0x30 c:/devkitpro/devkitarm/bin/../lib/gcc/arm-none-eabi/11.1.0/../../../../arm-none-eabi/lib\libstdc++.a(si_class_type_info.o)
                0x0000000002011c84                __cxxabiv1::__si_class_type_info::~__si_class_type_info()
 .text._ZNK10__cxxabiv120__si_class_type_info20__do_find_public_srcEiPKvPKNS_17__class_type_infoES2_
                0x0000000002011cb4       0x70 c:/devkitpro/devkitarm/bin/../lib/gcc/arm-none-eabi/11.1.0/../../../../arm-none-eabi/lib\libstdc++.a(si_class_type_info.o)
                0x0000000002011cb4                __cxxabiv1::__si_class_type_info::__do_find_public_src(int, void const*, __cxxabiv1::__class_type_info const*, void const*) const
 .text._ZNK10__cxxabiv120__si_class_type_info12__do_dyncastEiNS_17__class_type_info10__sub_kindEPKS1_PKvS4_S6_RNS1_16__dyncast_resultE
                0x0000000002011d24       0xe4 c:/devkitpro/devkitarm/bin/../lib/gcc/arm-none-eabi/11.1.0/../../../../arm-none-eabi/lib\libstdc++.a(si_class_type_info.o)
                0x0000000002011d24                __cxxabiv1::__si_class_type_info::__do_dyncast(int, __cxxabiv1::__class_type_info::__sub_kind, __cxxabiv1::__class_type_info const*, void const*, __cxxabiv1::__class_type_info const*, void const*, __cxxabiv1::__class_type_info::__dyncast_result&) const
 .text._ZNK10__cxxabiv120__si_class_type_info11__do_upcastEPKNS_17__class_type_infoEPKvRNS1_15__upcast_resultE
                0x0000000002011e08       0x4c c:/devkitpro/devkitarm/bin/../lib/gcc/arm-none-eabi/11.1.0/../../../../arm-none-eabi/lib\libstdc++.a(si_class_type_info.o)
                0x0000000002011e08                __cxxabiv1::__si_class_type_info::__do_upcast(__cxxabiv1::__class_type_info const*, void const*, __cxxabiv1::__class_type_info::__upcast_result&) const
 .text._ZNSt9type_infoD2Ev
                0x0000000002011e54        0x4 c:/devkitpro/devkitarm/bin/../lib/gcc/arm-none-eabi/11.1.0/../../../../arm-none-eabi/lib\libstdc++.a(tinfo.o)
                0x0000000002011e54                std::type_info::~type_info()
                0x0000000002011e54                std::type_info::~type_info()
 .text._ZNKSt9type_info14__is_pointer_pEv
                0x0000000002011e58        0x8 c:/devkitpro/devkitarm/bin/../lib/gcc/arm-none-eabi/11.1.0/../../../../arm-none-eabi/lib\libstdc++.a(tinfo.o)
                0x0000000002011e58                std::type_info::__is_pointer_p() const
                0x0000000002011e58                std::type_info::__is_function_p() const
 .text._ZNKSt9type_infoeqERKS_
                0x0000000002011e60       0x50 c:/devkitpro/devkitarm/bin/../lib/gcc/arm-none-eabi/11.1.0/../../../../arm-none-eabi/lib\libstdc++.a(tinfo.o)
                0x0000000002011e60                std::type_info::operator==(std::type_info const&) const
 .text._ZNKSt11logic_error4whatEv
                0x0000000002011eb0        0x8 c:/devkitpro/devkitarm/bin/../lib/gcc/arm-none-eabi/11.1.0/../../../../arm-none-eabi/lib\libstdc++.a(stdexcept.o)
                0x0000000002011eb0                std::logic_error::what() const
                0x0000000002011eb0                std::runtime_error::what() const
 .text._ZNSt11logic_errorD2Ev
                0x0000000002011eb8       0x68 c:/devkitpro/devkitarm/bin/../lib/gcc/arm-none-eabi/11.1.0/../../../../arm-none-eabi/lib\libstdc++.a(stdexcept.o)
                0x0000000002011eb8                std::logic_error::~logic_error()
                0x0000000002011eb8                std::logic_error::~logic_error()
 .text._ZNSt12length_errorD2Ev
                0x0000000002011f20       0x68 c:/devkitpro/devkitarm/bin/../lib/gcc/arm-none-eabi/11.1.0/../../../../arm-none-eabi/lib\libstdc++.a(stdexcept.o)
                0x0000000002011f20                std::length_error::~length_error()
                0x0000000002011f20                std::length_error::~length_error()
 .text._ZNSt11logic_errorD0Ev
                0x0000000002011f88       0x70 c:/devkitpro/devkitarm/bin/../lib/gcc/arm-none-eabi/11.1.0/../../../../arm-none-eabi/lib\libstdc++.a(stdexcept.o)
                0x0000000002011f88                std::logic_error::~logic_error()
 .text._ZNSt12length_errorD0Ev
                0x0000000002011ff8       0x70 c:/devkitpro/devkitarm/bin/../lib/gcc/arm-none-eabi/11.1.0/../../../../arm-none-eabi/lib\libstdc++.a(stdexcept.o)
                0x0000000002011ff8                std::length_error::~length_error()
 .text._ZNSt11logic_errorC2EPKc
                0x0000000002012068       0xcc c:/devkitpro/devkitarm/bin/../lib/gcc/arm-none-eabi/11.1.0/../../../../arm-none-eabi/lib\libstdc++.a(cow-stdexcept.o)
                0x0000000002012068                std::logic_error::logic_error(char const*)
                0x0000000002012068                std::logic_error::logic_error(char const*)
 .text._ZNSt12length_errorC2EPKc
                0x0000000002012134       0x24 c:/devkitpro/devkitarm/bin/../lib/gcc/arm-none-eabi/11.1.0/../../../../arm-none-eabi/lib\libstdc++.a(cow-stdexcept.o)
                0x0000000002012134                std::length_error::length_error(char const*)
                0x0000000002012134                std::length_error::length_error(char const*)
 .text._ZNSs4_Rep9_S_createEjjRKSaIcE
                0x0000000002012158       0x8c c:/devkitpro/devkitarm/bin/../lib/gcc/arm-none-eabi/11.1.0/../../../../arm-none-eabi/lib\libstdc++.a(cow-string-inst.o)
                0x0000000002012158                std::string::_Rep::_S_create(unsigned int, unsigned int, std::allocator<char> const&)
 .text._ZNSs4_Rep10_M_destroyERKSaIcE
                0x00000000020121e4       0x10 c:/devkitpro/devkitarm/bin/../lib/gcc/arm-none-eabi/11.1.0/../../../../arm-none-eabi/lib\libstdc++.a(cow-string-inst.o)
                0x00000000020121e4                std::string::_Rep::_M_destroy(std::allocator<char> const&)
 .text._ZNK10__cxxabiv117__class_type_info11__do_upcastEPKS0_PPv
                0x00000000020121f4       0x64 c:/devkitpro/devkitarm/bin/../lib/gcc/arm-none-eabi/11.1.0/../../../../arm-none-eabi/lib\libstdc++.a(class_type_info.o)
                0x00000000020121f4                __cxxabiv1::__class_type_info::__do_upcast(__cxxabiv1::__class_type_info const*, void**) const
 .text._ZNK10__cxxabiv117__class_type_info20__do_find_public_srcEiPKvPKS0_S2_
                0x0000000002012258       0x14 c:/devkitpro/devkitarm/bin/../lib/gcc/arm-none-eabi/11.1.0/../../../../arm-none-eabi/lib\libstdc++.a(class_type_info.o)
                0x0000000002012258                __cxxabiv1::__class_type_info::__do_find_public_src(int, void const*, __cxxabiv1::__class_type_info const*, void const*) const
 .text._ZN10__cxxabiv117__class_type_infoD2Ev
                0x000000000201226c       0x24 c:/devkitpro/devkitarm/bin/../lib/gcc/arm-none-eabi/11.1.0/../../../../arm-none-eabi/lib\libstdc++.a(class_type_info.o)
                0x000000000201226c                __cxxabiv1::__class_type_info::~__class_type_info()
                0x000000000201226c                __cxxabiv1::__class_type_info::~__class_type_info()
 .text._ZN10__cxxabiv117__class_type_infoD0Ev
                0x0000000002012290       0x30 c:/devkitpro/devkitarm/bin/../lib/gcc/arm-none-eabi/11.1.0/../../../../arm-none-eabi/lib\libstdc++.a(class_type_info.o)
                0x0000000002012290                __cxxabiv1::__class_type_info::~__class_type_info()
 .text._ZNK10__cxxabiv117__class_type_info12__do_dyncastEiNS0_10__sub_kindEPKS0_PKvS3_S5_RNS0_16__dyncast_resultE
                0x00000000020122c0       0x70 c:/devkitpro/devkitarm/bin/../lib/gcc/arm-none-eabi/11.1.0/../../../../arm-none-eabi/lib\libstdc++.a(class_type_info.o)
                0x00000000020122c0                __cxxabiv1::__class_type_info::__do_dyncast(int, __cxxabiv1::__class_type_info::__sub_kind, __cxxabiv1::__class_type_info const*, void const*, __cxxabiv1::__class_type_info const*, void const*, __cxxabiv1::__class_type_info::__dyncast_result&) const
 .text._ZNK10__cxxabiv117__class_type_info11__do_upcastEPKS0_PKvRNS0_15__upcast_resultE
                0x0000000002012330       0x30 c:/devkitpro/devkitarm/bin/../lib/gcc/arm-none-eabi/11.1.0/../../../../arm-none-eabi/lib\libstdc++.a(class_type_info.o)
                0x0000000002012330                __cxxabiv1::__class_type_info::__do_upcast(__cxxabiv1::__class_type_info const*, void const*, __cxxabiv1::__class_type_info::__upcast_result&) const
 .text._ZNK10__cxxabiv117__class_type_info10__do_catchEPKSt9type_infoPPvj
                0x0000000002012360       0x4c c:/devkitpro/devkitarm/bin/../lib/gcc/arm-none-eabi/11.1.0/../../../../arm-none-eabi/lib\libstdc++.a(class_type_info.o)
                0x0000000002012360                __cxxabiv1::__class_type_info::__do_catch(std::type_info const*, void**, unsigned int) const
 .text._ZN10__cxxabiv1L24__is_gxx_exception_classEPc
                0x00000000020123ac       0x70 c:/devkitpro/devkitarm/bin/../lib/gcc/arm-none-eabi/11.1.0/../../../../arm-none-eabi/lib\libstdc++.a(eh_call.o)
 .text.__cxa_call_terminate
                0x000000000201241c       0x2c c:/devkitpro/devkitarm/bin/../lib/gcc/arm-none-eabi/11.1.0/../../../../arm-none-eabi/lib\libstdc++.a(eh_call.o)
                0x000000000201241c                __cxa_call_terminate
 .text.unlikely.__cxa_call_unexpected
                0x0000000002012448      0x14c c:/devkitpro/devkitarm/bin/../lib/gcc/arm-none-eabi/11.1.0/../../../../arm-none-eabi/lib\libstdc++.a(eh_call.o)
                0x0000000002012448                __cxa_call_unexpected
 .text.__cxa_begin_catch
                0x0000000002012594       0xd4 c:/devkitpro/devkitarm/bin/../lib/gcc/arm-none-eabi/11.1.0/../../../../arm-none-eabi/lib\libstdc++.a(eh_catch.o)
                0x0000000002012594                __cxa_begin_catch
 .text.__cxa_end_catch
                0x0000000002012668       0xe0 c:/devkitpro/devkitarm/bin/../lib/gcc/arm-none-eabi/11.1.0/../../../../arm-none-eabi/lib\libstdc++.a(eh_catch.o)
                0x0000000002012668                __cxa_end_catch
 .text.selfrel_offset31
                0x0000000002012748       0x18 c:/devkitpro/devkitarm/bin/../lib/gcc/arm-none-eabi/11.1.0\libgcc.a(unwind-arm.o)
 .text.search_EIT_table
                0x0000000002012760       0x98 c:/devkitpro/devkitarm/bin/../lib/gcc/arm-none-eabi/11.1.0\libgcc.a(unwind-arm.o)
 .text.__gnu_unwind_get_pr_addr
                0x00000000020127f8       0x40 c:/devkitpro/devkitarm/bin/../lib/gcc/arm-none-eabi/11.1.0\libgcc.a(unwind-arm.o)
 .text.get_eit_entry
                0x0000000002012838      0x114 c:/devkitpro/devkitarm/bin/../lib/gcc/arm-none-eabi/11.1.0\libgcc.a(unwind-arm.o)
 .text.restore_non_core_regs
                0x000000000201294c       0x90 c:/devkitpro/devkitarm/bin/../lib/gcc/arm-none-eabi/11.1.0\libgcc.a(unwind-arm.o)
 .text._Unwind_decode_typeinfo_ptr.constprop.0
                0x00000000020129dc       0x14 c:/devkitpro/devkitarm/bin/../lib/gcc/arm-none-eabi/11.1.0\libgcc.a(unwind-arm.o)
 .text._Unwind_DebugHook
                0x00000000020129f0        0x4 c:/devkitpro/devkitarm/bin/../lib/gcc/arm-none-eabi/11.1.0\libgcc.a(unwind-arm.o)
 .text.unwind_phase2
                0x00000000020129f4       0x68 c:/devkitpro/devkitarm/bin/../lib/gcc/arm-none-eabi/11.1.0\libgcc.a(unwind-arm.o)
 .text.unwind_phase2_forced
                0x0000000002012a5c      0x144 c:/devkitpro/devkitarm/bin/../lib/gcc/arm-none-eabi/11.1.0\libgcc.a(unwind-arm.o)
 .text.__gnu_Unwind_RaiseException
                0x0000000002012ba0       0xac c:/devkitpro/devkitarm/bin/../lib/gcc/arm-none-eabi/11.1.0\libgcc.a(unwind-arm.o)
                0x0000000002012ba0                __gnu_Unwind_RaiseException
 .text.__gnu_Unwind_ForcedUnwind
                0x0000000002012c4c       0x28 c:/devkitpro/devkitarm/bin/../lib/gcc/arm-none-eabi/11.1.0\libgcc.a(unwind-arm.o)
                0x0000000002012c4c                __gnu_Unwind_ForcedUnwind
 .text.__gnu_Unwind_Resume
                0x0000000002012c74       0x78 c:/devkitpro/devkitarm/bin/../lib/gcc/arm-none-eabi/11.1.0\libgcc.a(unwind-arm.o)
                0x0000000002012c74                __gnu_Unwind_Resume
 .text.__gnu_Unwind_Resume_or_Rethrow
                0x0000000002012cec       0x1c c:/devkitpro/devkitarm/bin/../lib/gcc/arm-none-eabi/11.1.0\libgcc.a(unwind-arm.o)
                0x0000000002012cec                __gnu_Unwind_Resume_or_Rethrow
 .text._Unwind_Complete
                0x0000000002012d08        0x4 c:/devkitpro/devkitarm/bin/../lib/gcc/arm-none-eabi/11.1.0\libgcc.a(unwind-arm.o)
                0x0000000002012d08                _Unwind_Complete
 .text._Unwind_DeleteException
                0x0000000002012d0c       0x18 c:/devkitpro/devkitarm/bin/../lib/gcc/arm-none-eabi/11.1.0\libgcc.a(unwind-arm.o)
                0x0000000002012d0c                _Unwind_DeleteException
 .text._Unwind_VRS_Get
                0x0000000002012d24       0x5c c:/devkitpro/devkitarm/bin/../lib/gcc/arm-none-eabi/11.1.0\libgcc.a(unwind-arm.o)
                0x0000000002012d24                _Unwind_VRS_Get
 .text._Unwind_GetGR
                0x0000000002012d80       0x30 c:/devkitpro/devkitarm/bin/../lib/gcc/arm-none-eabi/11.1.0\libgcc.a(unwind-arm.o)
 .text._Unwind_VRS_Set
                0x0000000002012db0       0x5c c:/devkitpro/devkitarm/bin/../lib/gcc/arm-none-eabi/11.1.0\libgcc.a(unwind-arm.o)
                0x0000000002012db0                _Unwind_VRS_Set
 .text._Unwind_SetGR
                0x0000000002012e0c       0x30 c:/devkitpro/devkitarm/bin/../lib/gcc/arm-none-eabi/11.1.0\libgcc.a(unwind-arm.o)
 .text.__gnu_Unwind_Backtrace
                0x0000000002012e3c       0xcc c:/devkitpro/devkitarm/bin/../lib/gcc/arm-none-eabi/11.1.0\libgcc.a(unwind-arm.o)
                0x0000000002012e3c                __gnu_Unwind_Backtrace
 .text.__gnu_unwind_pr_common
                0x0000000002012f08      0x428 c:/devkitpro/devkitarm/bin/../lib/gcc/arm-none-eabi/11.1.0\libgcc.a(unwind-arm.o)
 .text.__aeabi_unwind_cpp_pr0
                0x0000000002013330        0x8 c:/devkitpro/devkitarm/bin/../lib/gcc/arm-none-eabi/11.1.0\libgcc.a(unwind-arm.o)
                0x0000000002013330                __aeabi_unwind_cpp_pr0
 .text.__aeabi_unwind_cpp_pr1
                0x0000000002013338        0x8 c:/devkitpro/devkitarm/bin/../lib/gcc/arm-none-eabi/11.1.0\libgcc.a(unwind-arm.o)
                0x0000000002013338                __aeabi_unwind_cpp_pr1
 .text.__aeabi_unwind_cpp_pr2
                0x0000000002013340        0x8 c:/devkitpro/devkitarm/bin/../lib/gcc/arm-none-eabi/11.1.0\libgcc.a(unwind-arm.o)
                0x0000000002013340                __aeabi_unwind_cpp_pr2
 .text._Unwind_VRS_Pop
                0x0000000002013348      0x410 c:/devkitpro/devkitarm/bin/../lib/gcc/arm-none-eabi/11.1.0\libgcc.a(unwind-arm.o)
                0x0000000002013348                _Unwind_VRS_Pop
 .text.next_unwind_byte
                0x0000000002013758       0x60 c:/devkitpro/devkitarm/bin/../lib/gcc/arm-none-eabi/11.1.0\libgcc.a(pr-support.o)
 .text._Unwind_GetGR.constprop.0
                0x00000000020137b8       0x30 c:/devkitpro/devkitarm/bin/../lib/gcc/arm-none-eabi/11.1.0\libgcc.a(pr-support.o)
 .text.unwind_UCB_from_context
                0x00000000020137e8        0x4 c:/devkitpro/devkitarm/bin/../lib/gcc/arm-none-eabi/11.1.0\libgcc.a(pr-support.o)
 .text.__gnu_unwind_execute
                0x00000000020137ec      0x3fc c:/devkitpro/devkitarm/bin/../lib/gcc/arm-none-eabi/11.1.0\libgcc.a(pr-support.o)
                0x00000000020137ec                __gnu_unwind_execute
 .text.__gnu_unwind_frame
                0x0000000002013be8       0x4c c:/devkitpro/devkitarm/bin/../lib/gcc/arm-none-eabi/11.1.0\libgcc.a(pr-support.o)
                0x0000000002013be8                __gnu_unwind_frame
 .text._Unwind_GetRegionStart
                0x0000000002013c34       0x14 c:/devkitpro/devkitarm/bin/../lib/gcc/arm-none-eabi/11.1.0\libgcc.a(pr-support.o)
                0x0000000002013c34                _Unwind_GetRegionStart
 .text._Unwind_GetLanguageSpecificData
                0x0000000002013c48       0x20 c:/devkitpro/devkitarm/bin/../lib/gcc/arm-none-eabi/11.1.0\libgcc.a(pr-support.o)
                0x0000000002013c48                _Unwind_GetLanguageSpecificData
 .text.unlikely._Unwind_GetDataRelBase
                0x0000000002013c68        0x8 c:/devkitpro/devkitarm/bin/../lib/gcc/arm-none-eabi/11.1.0\libgcc.a(pr-support.o)
                0x0000000002013c68                _Unwind_GetDataRelBase
 .text.unlikely._Unwind_GetTextRelBase
                0x0000000002013c70        0x8 c:/devkitpro/devkitarm/bin/../lib/gcc/arm-none-eabi/11.1.0\libgcc.a(pr-support.o)
                0x0000000002013c70                _Unwind_GetTextRelBase
 .text.abort    0x0000000002013c78       0x14 c:/devkitpro/devkitarm/bin/../lib/gcc/arm-none-eabi/11.1.0/../../../../arm-none-eabi/lib\libg.a(lib_a-abort.o)
                0x0000000002013c78                abort
 .text.calloc   0x0000000002013c8c       0x24 c:/devkitpro/devkitarm/bin/../lib/gcc/arm-none-eabi/11.1.0/../../../../arm-none-eabi/lib\libg.a(lib_a-calloc.o)
                0x0000000002013c8c                calloc
 .text._calloc_r
                0x0000000002013cb0       0xc8 c:/devkitpro/devkitarm/bin/../lib/gcc/arm-none-eabi/11.1.0/../../../../arm-none-eabi/lib\libg.a(lib_a-callocr.o)
                0x0000000002013cb0                _calloc_r
 .text.__errno  0x0000000002013d78       0x10 c:/devkitpro/devkitarm/bin/../lib/gcc/arm-none-eabi/11.1.0/../../../../arm-none-eabi/lib\libg.a(lib_a-errno.o)
                0x0000000002013d78                __errno
 .text._fclose_r
                0x0000000002013d88      0x16c c:/devkitpro/devkitarm/bin/../lib/gcc/arm-none-eabi/11.1.0/../../../../arm-none-eabi/lib\libg.a(lib_a-fclose.o)
                0x0000000002013d88                _fclose_r
 .text.fclose   0x0000000002013ef4       0x18 c:/devkitpro/devkitarm/bin/../lib/gcc/arm-none-eabi/11.1.0/../../../../arm-none-eabi/lib\libg.a(lib_a-fclose.o)
                0x0000000002013ef4                fclose
 .text.__sflush_r
                0x0000000002013f0c      0x280 c:/devkitpro/devkitarm/bin/../lib/gcc/arm-none-eabi/11.1.0/../../../../arm-none-eabi/lib\libg.a(lib_a-fflush.o)
                0x0000000002013f0c                __sflush_r
 .text._fflush_r
                0x000000000201418c       0x9c c:/devkitpro/devkitarm/bin/../lib/gcc/arm-none-eabi/11.1.0/../../../../arm-none-eabi/lib\libg.a(lib_a-fflush.o)
                0x000000000201418c                _fflush_r
 .text.fflush   0x0000000002014228       0x3c c:/devkitpro/devkitarm/bin/../lib/gcc/arm-none-eabi/11.1.0/../../../../arm-none-eabi/lib\libg.a(lib_a-fflush.o)
                0x0000000002014228                fflush
 .text._cleanup_r
                0x0000000002014264       0x18 c:/devkitpro/devkitarm/bin/../lib/gcc/arm-none-eabi/11.1.0/../../../../arm-none-eabi/lib\libg.a(lib_a-findfp.o)
                0x0000000002014264                _cleanup_r
 .text.__sinit  0x000000000201427c      0x18c c:/devkitpro/devkitarm/bin/../lib/gcc/arm-none-eabi/11.1.0/../../../../arm-none-eabi/lib\libg.a(lib_a-findfp.o)
                0x000000000201427c                __sinit
 .text.__sfp    0x0000000002014408      0x138 c:/devkitpro/devkitarm/bin/../lib/gcc/arm-none-eabi/11.1.0/../../../../arm-none-eabi/lib\libg.a(lib_a-findfp.o)
                0x0000000002014408                __sfp
 .text.__sfp_lock_acquire
                0x0000000002014540       0x18 c:/devkitpro/devkitarm/bin/../lib/gcc/arm-none-eabi/11.1.0/../../../../arm-none-eabi/lib\libg.a(lib_a-findfp.o)
                0x0000000002014540                __sfp_lock_acquire
 .text.__sfp_lock_release
                0x0000000002014558       0x18 c:/devkitpro/devkitarm/bin/../lib/gcc/arm-none-eabi/11.1.0/../../../../arm-none-eabi/lib\libg.a(lib_a-findfp.o)
                0x0000000002014558                __sfp_lock_release
 .text._fopen_r
                0x0000000002014570      0x14c c:/devkitpro/devkitarm/bin/../lib/gcc/arm-none-eabi/11.1.0/../../../../arm-none-eabi/lib\libg.a(lib_a-fopen.o)
                0x0000000002014570                _fopen_r
 .text.fopen    0x00000000020146bc       0x20 c:/devkitpro/devkitarm/bin/../lib/gcc/arm-none-eabi/11.1.0/../../../../arm-none-eabi/lib\libg.a(lib_a-fopen.o)
                0x00000000020146bc                fopen
 .text._fread_r
                0x00000000020146dc      0x2dc c:/devkitpro/devkitarm/bin/../lib/gcc/arm-none-eabi/11.1.0/../../../../arm-none-eabi/lib\libg.a(lib_a-fread.o)
                0x00000000020146dc                _fread_r
 .text.fread    0x00000000020149b8       0x3c c:/devkitpro/devkitarm/bin/../lib/gcc/arm-none-eabi/11.1.0/../../../../arm-none-eabi/lib\libg.a(lib_a-fread.o)
                0x00000000020149b8                fread
 .text._malloc_trim_r
                0x00000000020149f4      0x100 c:/devkitpro/devkitarm/bin/../lib/gcc/arm-none-eabi/11.1.0/../../../../arm-none-eabi/lib\libg.a(lib_a-freer.o)
                0x00000000020149f4                _malloc_trim_r
 .text._free_r  0x0000000002014af4      0x2e0 c:/devkitpro/devkitarm/bin/../lib/gcc/arm-none-eabi/11.1.0/../../../../arm-none-eabi/lib\libg.a(lib_a-freer.o)
                0x0000000002014af4                _free_r
 .text._fseek_r
                0x0000000002014dd4       0x20 c:/devkitpro/devkitarm/bin/../lib/gcc/arm-none-eabi/11.1.0/../../../../arm-none-eabi/lib\libg.a(lib_a-fseek.o)
                0x0000000002014dd4                _fseek_r
 .text.fseek    0x0000000002014df4       0x38 c:/devkitpro/devkitarm/bin/../lib/gcc/arm-none-eabi/11.1.0/../../../../arm-none-eabi/lib\libg.a(lib_a-fseek.o)
                0x0000000002014df4                fseek
 .text._fseeko_r
                0x0000000002014e2c      0x5b0 c:/devkitpro/devkitarm/bin/../lib/gcc/arm-none-eabi/11.1.0/../../../../arm-none-eabi/lib\libg.a(lib_a-fseeko.o)
                0x0000000002014e2c                _fseeko_r
 .text._fwalk   0x00000000020153dc       0x70 c:/devkitpro/devkitarm/bin/../lib/gcc/arm-none-eabi/11.1.0/../../../../arm-none-eabi/lib\libg.a(lib_a-fwalk.o)
                0x00000000020153dc                _fwalk
 .text._fwalk_reent
                0x000000000201544c       0x78 c:/devkitpro/devkitarm/bin/../lib/gcc/arm-none-eabi/11.1.0/../../../../arm-none-eabi/lib\libg.a(lib_a-fwalk.o)
                0x000000000201544c                _fwalk_reent
 .text.__libc_init_array
                0x00000000020154c4       0x88 c:/devkitpro/devkitarm/bin/../lib/gcc/arm-none-eabi/11.1.0/../../../../arm-none-eabi/lib\libg.a(lib_a-init.o)
                0x00000000020154c4                __libc_init_array
 .text.iprintf  0x000000000201554c       0x34 c:/devkitpro/devkitarm/bin/../lib/gcc/arm-none-eabi/11.1.0/../../../../arm-none-eabi/lib\libg.a(lib_a-iprintf.o)
                0x000000000201554c                iprintf
 .text.__smakebuf_r
                0x0000000002015580      0x144 c:/devkitpro/devkitarm/bin/../lib/gcc/arm-none-eabi/11.1.0/../../../../arm-none-eabi/lib\libg.a(lib_a-makebuf.o)
                0x0000000002015580                __smakebuf_r
 .text.__swhatbuf_r
                0x00000000020156c4       0x80 c:/devkitpro/devkitarm/bin/../lib/gcc/arm-none-eabi/11.1.0/../../../../arm-none-eabi/lib\libg.a(lib_a-makebuf.o)
                0x00000000020156c4                __swhatbuf_r
 .text.malloc   0x0000000002015744       0x1c c:/devkitpro/devkitarm/bin/../lib/gcc/arm-none-eabi/11.1.0/../../../../arm-none-eabi/lib\libg.a(lib_a-malloc.o)
                0x0000000002015744                malloc
 .text.free     0x0000000002015760       0x1c c:/devkitpro/devkitarm/bin/../lib/gcc/arm-none-eabi/11.1.0/../../../../arm-none-eabi/lib\libg.a(lib_a-malloc.o)
                0x0000000002015760                free
 .text._malloc_r
                0x000000000201577c      0x7f0 c:/devkitpro/devkitarm/bin/../lib/gcc/arm-none-eabi/11.1.0/../../../../arm-none-eabi/lib\libg.a(lib_a-mallocr.o)
                0x000000000201577c                _malloc_r
 .text.memchr   0x0000000002015f6c       0xf8 c:/devkitpro/devkitarm/bin/../lib/gcc/arm-none-eabi/11.1.0/../../../../arm-none-eabi/lib\libg.a(lib_a-memchr-stub.o)
                0x0000000002015f6c                memchr
 .text.memcpy   0x0000000002016064      0x120 c:/devkitpro/devkitarm/bin/../lib/gcc/arm-none-eabi/11.1.0/../../../../arm-none-eabi/lib\libg.a(lib_a-memcpy-stub.o)
                0x0000000002016064                memcpy
 .text.memmove  0x0000000002016184      0x158 c:/devkitpro/devkitarm/bin/../lib/gcc/arm-none-eabi/11.1.0/../../../../arm-none-eabi/lib\libg.a(lib_a-memmove.o)
                0x0000000002016184                memmove
 .text.memset   0x00000000020162dc      0x11c c:/devkitpro/devkitarm/bin/../lib/gcc/arm-none-eabi/11.1.0/../../../../arm-none-eabi/lib\libg.a(lib_a-memset.o)
                0x00000000020162dc                memset
 .text.__malloc_lock
                0x00000000020163f8       0x18 c:/devkitpro/devkitarm/bin/../lib/gcc/arm-none-eabi/11.1.0/../../../../arm-none-eabi/lib\libg.a(lib_a-mlock.o)
                0x00000000020163f8                __malloc_lock
 .text.__malloc_unlock
                0x0000000002016410       0x18 c:/devkitpro/devkitarm/bin/../lib/gcc/arm-none-eabi/11.1.0/../../../../arm-none-eabi/lib\libg.a(lib_a-mlock.o)
                0x0000000002016410                __malloc_unlock
 .text.realloc  0x0000000002016428       0x24 c:/devkitpro/devkitarm/bin/../lib/gcc/arm-none-eabi/11.1.0/../../../../arm-none-eabi/lib\libg.a(lib_a-realloc.o)
                0x0000000002016428                realloc
 .text._realloc_r
                0x000000000201644c      0x570 c:/devkitpro/devkitarm/bin/../lib/gcc/arm-none-eabi/11.1.0/../../../../arm-none-eabi/lib\libg.a(lib_a-reallocr.o)
                0x000000000201644c                _realloc_r
 .text.lflush   0x00000000020169bc       0x28 c:/devkitpro/devkitarm/bin/../lib/gcc/arm-none-eabi/11.1.0/../../../../arm-none-eabi/lib\libg.a(lib_a-refill.o)
 .text.__srefill_r
                0x00000000020169e4      0x1bc c:/devkitpro/devkitarm/bin/../lib/gcc/arm-none-eabi/11.1.0/../../../../arm-none-eabi/lib\libg.a(lib_a-refill.o)
                0x00000000020169e4                __srefill_r
 .text.setvbuf  0x0000000002016ba0      0x268 c:/devkitpro/devkitarm/bin/../lib/gcc/arm-none-eabi/11.1.0/../../../../arm-none-eabi/lib\libg.a(lib_a-setvbuf.o)
                0x0000000002016ba0                setvbuf
 .text._raise_r
                0x0000000002016e08       0x98 c:/devkitpro/devkitarm/bin/../lib/gcc/arm-none-eabi/11.1.0/../../../../arm-none-eabi/lib\libg.a(lib_a-signal.o)
                0x0000000002016e08                _raise_r
 .text.raise    0x0000000002016ea0       0x18 c:/devkitpro/devkitarm/bin/../lib/gcc/arm-none-eabi/11.1.0/../../../../arm-none-eabi/lib\libg.a(lib_a-signal.o)
                0x0000000002016ea0                raise
 .text.siscanf  0x0000000002016eb8       0x74 c:/devkitpro/devkitarm/bin/../lib/gcc/arm-none-eabi/11.1.0/../../../../arm-none-eabi/lib\libg.a(lib_a-siscanf.o)
                0x0000000002016eb8                siscanf
 .text.sprintf  0x0000000002016f2c       0x64 c:/devkitpro/devkitarm/bin/../lib/gcc/arm-none-eabi/11.1.0/../../../../arm-none-eabi/lib\libg.a(lib_a-sprintf.o)
                0x0000000002016f2c                sprintf
 .text.__sread  0x0000000002016f90       0x4c c:/devkitpro/devkitarm/bin/../lib/gcc/arm-none-eabi/11.1.0/../../../../arm-none-eabi/lib\libg.a(lib_a-stdio.o)
                0x0000000002016f90                __sread
 .text.__seofread
                0x0000000002016fdc        0x8 c:/devkitpro/devkitarm/bin/../lib/gcc/arm-none-eabi/11.1.0/../../../../arm-none-eabi/lib\libg.a(lib_a-stdio.o)
                0x0000000002016fdc                __seofread
 .text.__swrite
                0x0000000002016fe4       0x6c c:/devkitpro/devkitarm/bin/../lib/gcc/arm-none-eabi/11.1.0/../../../../arm-none-eabi/lib\libg.a(lib_a-stdio.o)
                0x0000000002016fe4                __swrite
 .text.__sseek  0x0000000002017050       0x4c c:/devkitpro/devkitarm/bin/../lib/gcc/arm-none-eabi/11.1.0/../../../../arm-none-eabi/lib\libg.a(lib_a-stdio.o)
                0x0000000002017050                __sseek
 .text.__sclose
                0x000000000201709c       0x14 c:/devkitpro/devkitarm/bin/../lib/gcc/arm-none-eabi/11.1.0/../../../../arm-none-eabi/lib\libg.a(lib_a-stdio.o)
                0x000000000201709c                __sclose
 .text.strlen   0x00000000020170b0       0x60 c:/devkitpro/devkitarm/bin/../lib/gcc/arm-none-eabi/11.1.0/../../../../arm-none-eabi/lib\libg.a(lib_a-strlen-stub.o)
                0x00000000020170b0                strlen
 .text._strtoul_l.constprop.0
                0x0000000002017110      0x1c8 c:/devkitpro/devkitarm/bin/../lib/gcc/arm-none-eabi/11.1.0/../../../../arm-none-eabi/lib\libg.a(lib_a-strtoul.o)
 .text._strtoul_r
                0x00000000020172d8        0x4 c:/devkitpro/devkitarm/bin/../lib/gcc/arm-none-eabi/11.1.0/../../../../arm-none-eabi/lib\libg.a(lib_a-strtoul.o)
                0x00000000020172d8                _strtoul_r
 .text.get_arg  0x00000000020172dc       0x54 c:/devkitpro/devkitarm/bin/../lib/gcc/arm-none-eabi/11.1.0/../../../../arm-none-eabi/lib\libg.a(lib_a-svfiscanf.o)
 .text._sungetc_r
                0x0000000002017330       0xe4 c:/devkitpro/devkitarm/bin/../lib/gcc/arm-none-eabi/11.1.0/../../../../arm-none-eabi/lib\libg.a(lib_a-svfiscanf.o)
                0x0000000002017330                _sungetc_r
 .text.__ssrefill_r
                0x0000000002017414       0x68 c:/devkitpro/devkitarm/bin/../lib/gcc/arm-none-eabi/11.1.0/../../../../arm-none-eabi/lib\libg.a(lib_a-svfiscanf.o)
                0x0000000002017414                __ssrefill_r
 .text._sfread_r
                0x000000000201747c       0xcc c:/devkitpro/devkitarm/bin/../lib/gcc/arm-none-eabi/11.1.0/../../../../arm-none-eabi/lib\libg.a(lib_a-svfiscanf.o)
                0x000000000201747c                _sfread_r
 .text.__ssvfiscanf_r
                0x0000000002017548     0x2300 c:/devkitpro/devkitarm/bin/../lib/gcc/arm-none-eabi/11.1.0/../../../../arm-none-eabi/lib\libg.a(lib_a-svfiscanf.o)
                0x0000000002017548                __ssvfiscanf_r
 .text.get_arg  0x0000000002019848      0x628 c:/devkitpro/devkitarm/bin/../lib/gcc/arm-none-eabi/11.1.0/../../../../arm-none-eabi/lib\libg.a(lib_a-svfprintf.o)
 .text._svfprintf_r
                0x0000000002019e70     0x35c4 c:/devkitpro/devkitarm/bin/../lib/gcc/arm-none-eabi/11.1.0/../../../../arm-none-eabi/lib\libg.a(lib_a-svfprintf.o)
                0x0000000002019e70                _svfprintf_r
 .text.__submore
                0x000000000201d434       0xb0 c:/devkitpro/devkitarm/bin/../lib/gcc/arm-none-eabi/11.1.0/../../../../arm-none-eabi/lib\libg.a(lib_a-ungetc.o)
                0x000000000201d434                __submore
 .text.get_arg  0x000000000201d4e4      0x628 c:/devkitpro/devkitarm/bin/../lib/gcc/arm-none-eabi/11.1.0/../../../../arm-none-eabi/lib\libg.a(lib_a-vfiprintf.o)
 .text.__sprint_r
                0x000000000201db0c       0x34 c:/devkitpro/devkitarm/bin/../lib/gcc/arm-none-eabi/11.1.0/../../../../arm-none-eabi/lib\libg.a(lib_a-vfiprintf.o)
                0x000000000201db0c                __sprint_r
 .text._vfiprintf_r
                0x000000000201db40     0x2360 c:/devkitpro/devkitarm/bin/../lib/gcc/arm-none-eabi/11.1.0/../../../../arm-none-eabi/lib\libg.a(lib_a-vfiprintf.o)
                0x000000000201db40                _vfiprintf_r
 .text.__sbprintf
                0x000000000201fea0       0xd4 c:/devkitpro/devkitarm/bin/../lib/gcc/arm-none-eabi/11.1.0/../../../../arm-none-eabi/lib\libg.a(lib_a-vfiprintf.o)
 .text._wcrtomb_r
                0x000000000201ff74       0x5c c:/devkitpro/devkitarm/bin/../lib/gcc/arm-none-eabi/11.1.0/../../../../arm-none-eabi/lib\libg.a(lib_a-wcrtomb.o)
                0x000000000201ff74                _wcrtomb_r
 .text._wcsrtombs_r
                0x000000000201ffd0       0x2c c:/devkitpro/devkitarm/bin/../lib/gcc/arm-none-eabi/11.1.0/../../../../arm-none-eabi/lib\libg.a(lib_a-wcsrtombs.o)
                0x000000000201ffd0                _wcsrtombs_r
 .text.__swsetup_r
                0x000000000201fffc      0x160 c:/devkitpro/devkitarm/bin/../lib/gcc/arm-none-eabi/11.1.0/../../../../arm-none-eabi/lib\libg.a(lib_a-wsetup.o)
                0x000000000201fffc                __swsetup_r
 .text.quorem   0x000000000202015c      0x1cc c:/devkitpro/devkitarm/bin/../lib/gcc/arm-none-eabi/11.1.0/../../../../arm-none-eabi/lib\libg.a(lib_a-dtoa.o)
 .text._dtoa_r  0x0000000002020328     0x16ac c:/devkitpro/devkitarm/bin/../lib/gcc/arm-none-eabi/11.1.0/../../../../arm-none-eabi/lib\libg.a(lib_a-dtoa.o)
                0x0000000002020328                _dtoa_r
 .text.__sflags
                0x00000000020219d4       0xd0 c:/devkitpro/devkitarm/bin/../lib/gcc/arm-none-eabi/11.1.0/../../../../arm-none-eabi/lib\libg.a(lib_a-flags.o)
                0x00000000020219d4                __sflags
 .text.__sfvwrite_r
                0x0000000002021aa4      0x4e8 c:/devkitpro/devkitarm/bin/../lib/gcc/arm-none-eabi/11.1.0/../../../../arm-none-eabi/lib\libg.a(lib_a-fvwrite.o)
                0x0000000002021aa4                __sfvwrite_r
 .text.iswspace
                0x0000000002021f8c       0x14 c:/devkitpro/devkitarm/bin/../lib/gcc/arm-none-eabi/11.1.0/../../../../arm-none-eabi/lib\libg.a(lib_a-iswspace.o)
                0x0000000002021f8c                iswspace
 .text._localeconv_r
                0x0000000002021fa0        0xc c:/devkitpro/devkitarm/bin/../lib/gcc/arm-none-eabi/11.1.0/../../../../arm-none-eabi/lib\libg.a(lib_a-localeconv.o)
                0x0000000002021fa0                _localeconv_r
 .text.__locale_mb_cur_max
                0x0000000002021fac       0x10 c:/devkitpro/devkitarm/bin/../lib/gcc/arm-none-eabi/11.1.0/../../../../arm-none-eabi/lib\libg.a(lib_a-locale.o)
                0x0000000002021fac                __locale_mb_cur_max
 .text._mbrtowc_r
                0x0000000002021fbc       0x70 c:/devkitpro/devkitarm/bin/../lib/gcc/arm-none-eabi/11.1.0/../../../../arm-none-eabi/lib\libg.a(lib_a-mbrtowc.o)
                0x0000000002021fbc                _mbrtowc_r
 .text.__utf8_mbtowc
                0x000000000202202c      0x308 c:/devkitpro/devkitarm/bin/../lib/gcc/arm-none-eabi/11.1.0/../../../../arm-none-eabi/lib\libg.a(lib_a-mbtowc_r.o)
                0x000000000202202c                __utf8_mbtowc
 .text._Balloc  0x0000000002022334       0x8c c:/devkitpro/devkitarm/bin/../lib/gcc/arm-none-eabi/11.1.0/../../../../arm-none-eabi/lib\libg.a(lib_a-mprec.o)
                0x0000000002022334                _Balloc
 .text._Bfree   0x00000000020223c0       0x1c c:/devkitpro/devkitarm/bin/../lib/gcc/arm-none-eabi/11.1.0/../../../../arm-none-eabi/lib\libg.a(lib_a-mprec.o)
                0x00000000020223c0                _Bfree
 .text.__multadd
                0x00000000020223dc      0x100 c:/devkitpro/devkitarm/bin/../lib/gcc/arm-none-eabi/11.1.0/../../../../arm-none-eabi/lib\libg.a(lib_a-mprec.o)
                0x00000000020223dc                __multadd
 .text.__hi0bits
                0x00000000020224dc       0x58 c:/devkitpro/devkitarm/bin/../lib/gcc/arm-none-eabi/11.1.0/../../../../arm-none-eabi/lib\libg.a(lib_a-mprec.o)
                0x00000000020224dc                __hi0bits
 .text.__lo0bits
                0x0000000002022534       0xa0 c:/devkitpro/devkitarm/bin/../lib/gcc/arm-none-eabi/11.1.0/../../../../arm-none-eabi/lib\libg.a(lib_a-mprec.o)
                0x0000000002022534                __lo0bits
 .text.__i2b    0x00000000020225d4       0xa8 c:/devkitpro/devkitarm/bin/../lib/gcc/arm-none-eabi/11.1.0/../../../../arm-none-eabi/lib\libg.a(lib_a-mprec.o)
                0x00000000020225d4                __i2b
 .text.__multiply
                0x000000000202267c      0x214 c:/devkitpro/devkitarm/bin/../lib/gcc/arm-none-eabi/11.1.0/../../../../arm-none-eabi/lib\libg.a(lib_a-mprec.o)
                0x000000000202267c                __multiply
 .text.__pow5mult
                0x0000000002022890      0x124 c:/devkitpro/devkitarm/bin/../lib/gcc/arm-none-eabi/11.1.0/../../../../arm-none-eabi/lib\libg.a(lib_a-mprec.o)
                0x0000000002022890                __pow5mult
 .text.__lshift
                0x00000000020229b4      0x140 c:/devkitpro/devkitarm/bin/../lib/gcc/arm-none-eabi/11.1.0/../../../../arm-none-eabi/lib\libg.a(lib_a-mprec.o)
                0x00000000020229b4                __lshift
 .text.__mcmp   0x0000000002022af4       0x60 c:/devkitpro/devkitarm/bin/../lib/gcc/arm-none-eabi/11.1.0/../../../../arm-none-eabi/lib\libg.a(lib_a-mprec.o)
                0x0000000002022af4                __mcmp
 .text.__mdiff  0x0000000002022b54      0x1f8 c:/devkitpro/devkitarm/bin/../lib/gcc/arm-none-eabi/11.1.0/../../../../arm-none-eabi/lib\libg.a(lib_a-mprec.o)
                0x0000000002022b54                __mdiff
 .text.__d2b    0x0000000002022d4c      0x12c c:/devkitpro/devkitarm/bin/../lib/gcc/arm-none-eabi/11.1.0/../../../../arm-none-eabi/lib\libg.a(lib_a-mprec.o)
                0x0000000002022d4c                __d2b
 .text.__sccl   0x0000000002022e78       0xe4 c:/devkitpro/devkitarm/bin/../lib/gcc/arm-none-eabi/11.1.0/../../../../arm-none-eabi/lib\libg.a(lib_a-sccl.o)
                0x0000000002022e78                __sccl
 .text.frexp    0x0000000002022f5c       0xa4 c:/devkitpro/devkitarm/bin/../lib/gcc/arm-none-eabi/11.1.0/../../../../arm-none-eabi/lib\libg.a(lib_a-s_frexp.o)
                0x0000000002022f5c                frexp
 .text.strchr   0x0000000002023000      0x138 c:/devkitpro/devkitarm/bin/../lib/gcc/arm-none-eabi/11.1.0/../../../../arm-none-eabi/lib\libg.a(lib_a-strchr.o)
                0x0000000002023000                strchr
 .text.strncpy  0x0000000002023138       0xcc c:/devkitpro/devkitarm/bin/../lib/gcc/arm-none-eabi/11.1.0/../../../../arm-none-eabi/lib\libg.a(lib_a-strncpy.o)
                0x0000000002023138                strncpy
 .text._strtoll_l.constprop.0
                0x0000000002023204      0x230 c:/devkitpro/devkitarm/bin/../lib/gcc/arm-none-eabi/11.1.0/../../../../arm-none-eabi/lib\libg.a(lib_a-strtoll.o)
 .text._strtoll_r
                0x0000000002023434        0x4 c:/devkitpro/devkitarm/bin/../lib/gcc/arm-none-eabi/11.1.0/../../../../arm-none-eabi/lib\libg.a(lib_a-strtoll.o)
                0x0000000002023434                _strtoll_r
 .text._strtol_l.part.0
                0x0000000002023438      0x1a8 c:/devkitpro/devkitarm/bin/../lib/gcc/arm-none-eabi/11.1.0/../../../../arm-none-eabi/lib\libg.a(lib_a-strtol.o)
 .text._strtol_r
                0x00000000020235e0       0x3c c:/devkitpro/devkitarm/bin/../lib/gcc/arm-none-eabi/11.1.0/../../../../arm-none-eabi/lib\libg.a(lib_a-strtol.o)
                0x00000000020235e0                _strtol_r
 .text._strtoull_l.constprop.0
                0x000000000202361c      0x248 c:/devkitpro/devkitarm/bin/../lib/gcc/arm-none-eabi/11.1.0/../../../../arm-none-eabi/lib\libg.a(lib_a-strtoull.o)
 .text._strtoull_r
                0x0000000002023864        0x4 c:/devkitpro/devkitarm/bin/../lib/gcc/arm-none-eabi/11.1.0/../../../../arm-none-eabi/lib\libg.a(lib_a-strtoull.o)
                0x0000000002023864                _strtoull_r
 .text.__ssprint_r
                0x0000000002023868      0x194 c:/devkitpro/devkitarm/bin/../lib/gcc/arm-none-eabi/11.1.0/../../../../arm-none-eabi/lib\libg.a(lib_a-svfiprintf.o)
                0x0000000002023868                __ssprint_r
 .text._wcsnrtombs_l
                0x00000000020239fc      0x1a0 c:/devkitpro/devkitarm/bin/../lib/gcc/arm-none-eabi/11.1.0/../../../../arm-none-eabi/lib\libg.a(lib_a-wcsnrtombs.o)
                0x00000000020239fc                _wcsnrtombs_l
 .text._wcsnrtombs_r
                0x0000000002023b9c       0x50 c:/devkitpro/devkitarm/bin/../lib/gcc/arm-none-eabi/11.1.0/../../../../arm-none-eabi/lib\libg.a(lib_a-wcsnrtombs.o)
                0x0000000002023b9c                _wcsnrtombs_r
 .text.__utf8_wctomb
                0x0000000002023bec       0xf4 c:/devkitpro/devkitarm/bin/../lib/gcc/arm-none-eabi/11.1.0/../../../../arm-none-eabi/lib\libg.a(lib_a-wctomb_r.o)
                0x0000000002023bec                __utf8_wctomb
 .text.__assert_func
                0x0000000002023ce0       0x5c c:/devkitpro/devkitarm/bin/../lib/gcc/arm-none-eabi/11.1.0/../../../../arm-none-eabi/lib\libg.a(lib_a-assert.o)
                0x0000000002023ce0                __assert_func
 .text.fiprintf
                0x0000000002023d3c       0x3c c:/devkitpro/devkitarm/bin/../lib/gcc/arm-none-eabi/11.1.0/../../../../arm-none-eabi/lib\libg.a(lib_a-fiprintf.o)
                0x0000000002023d3c                fiprintf
 .text.iswspace_l
                0x0000000002023d78       0x44 c:/devkitpro/devkitarm/bin/../lib/gcc/arm-none-eabi/11.1.0/../../../../arm-none-eabi/lib\libg.a(lib_a-iswspace_l.o)
                0x0000000002023d78                iswspace_l
 .text.__jp2uc  0x0000000002023dbc      0x1e4 c:/devkitpro/devkitarm/bin/../lib/gcc/arm-none-eabi/11.1.0/../../../../arm-none-eabi/lib\libg.a(lib_a-jp2uc.o)
 .text._jp2uc_l
                0x0000000002023fa0       0x94 c:/devkitpro/devkitarm/bin/../lib/gcc/arm-none-eabi/11.1.0/../../../../arm-none-eabi/lib\libg.a(lib_a-jp2uc.o)
                0x0000000002023fa0                _jp2uc_l
 .text.strncmp  0x0000000002024034       0xe4 c:/devkitpro/devkitarm/bin/../lib/gcc/arm-none-eabi/11.1.0/../../../../arm-none-eabi/lib\libg.a(lib_a-strncmp.o)
                0x0000000002024034                strncmp
 .text.category
                0x0000000002024118       0x8c c:/devkitpro/devkitarm/bin/../lib/gcc/arm-none-eabi/11.1.0/../../../../arm-none-eabi/lib\libg.a(lib_a-categories.o)
                0x0000000002024118                category
 .text.null_write
                0x00000000020241a4        0x8 c:/devkitpro/devkitarm/bin/../lib/gcc/arm-none-eabi/11.1.0/../../../../arm-none-eabi/lib\libsysbase.a(iosupport.o)
 .text.FindDevice
                0x00000000020241ac       0xd4 c:/devkitpro/devkitarm/bin/../lib/gcc/arm-none-eabi/11.1.0/../../../../arm-none-eabi/lib\libsysbase.a(iosupport.o)
                0x00000000020241ac                FindDevice
 .text._fstat_r
                0x0000000002024280       0x7c c:/devkitpro/devkitarm/bin/../lib/gcc/arm-none-eabi/11.1.0/../../../../arm-none-eabi/lib\libsysbase.a(fstat.o)
                0x0000000002024280                _fstat_r
 .text._getpid_r
                0x00000000020242fc       0x14 c:/devkitpro/devkitarm/bin/../lib/gcc/arm-none-eabi/11.1.0/../../../../arm-none-eabi/lib\libsysbase.a(getpid.o)
                0x00000000020242fc                _getpid_r
 .text._isatty_r
                0x0000000002024310        0x8 c:/devkitpro/devkitarm/bin/../lib/gcc/arm-none-eabi/11.1.0/../../../../arm-none-eabi/lib\libsysbase.a(isatty.o)
                0x0000000002024310                _isatty_r
 .text._kill_r  0x0000000002024318       0x14 c:/devkitpro/devkitarm/bin/../lib/gcc/arm-none-eabi/11.1.0/../../../../arm-none-eabi/lib\libsysbase.a(kill.o)
                0x0000000002024318                _kill_r
 .text._lseek_r
                0x000000000202432c       0x88 c:/devkitpro/devkitarm/bin/../lib/gcc/arm-none-eabi/11.1.0/../../../../arm-none-eabi/lib\libsysbase.a(lseek.o)
                0x000000000202432c                _lseek_r
 .text._open_r  0x00000000020243b4       0xd0 c:/devkitpro/devkitarm/bin/../lib/gcc/arm-none-eabi/11.1.0/../../../../arm-none-eabi/lib\libsysbase.a(open.o)